

================================================================
== Vivado HLS Report for 'imGrayScale26'
================================================================
* Date:           Wed Jan 27 23:59:54 2021

* Version:        2016.4 (Build 1756540 on Mon Jan 23 19:31:01 MST 2017)
* Project:        Task_1
* Solution:       solution1
* Product family: zynq
* Target device:  xc7z020clg484-1


================================================================
== Performance Estimates
================================================================
+ Timing (ns): 
    * Summary: 
    +--------+-------+----------+------------+
    |  Clock | Target| Estimated| Uncertainty|
    +--------+-------+----------+------------+
    |ap_clk  |  10.00|      8.23|        1.25|
    +--------+-------+----------+------------+

+ Latency (clock cycles): 
    * Summary: 
    +-----+----------+-----+----------+---------+
    |     Latency    |    Interval    | Pipeline|
    | min |    max   | min |    max   |   Type  |
    +-----+----------+-----+----------+---------+
    |    1|  37442401|    1|  37442401|   none  |
    +-----+----------+-----+----------+---------+

    + Detail: 
        * Instance: 
        N/A

        * Loop: 
        +----------+-----+----------+-----------+-----------+-----------+----------+----------+
        |          |     Latency    | Iteration |  Initiation Interval  |   Trip   |          |
        | Loop Name| min |    max   |  Latency  |  achieved |   target  |   Count  | Pipelined|
        +----------+-----+----------+-----------+-----------+-----------+----------+----------+
        |- L00     |    0|  37442400| 2 ~ 31202 |          -|          -| 0 ~ 1200 |    no    |
        | + L11    |    0|     31200|         26|          -|          -| 0 ~ 1200 |    no    |
        +----------+-----+----------+-----------+-----------+-----------+----------+----------+



================================================================
== Utilization Estimates
================================================================
* Summary: 
+-----------------+---------+-------+--------+-------+
|       Name      | BRAM_18K| DSP48E|   FF   |  LUT  |
+-----------------+---------+-------+--------+-------+
|DSP              |        -|      -|       -|      -|
|Expression       |        -|      -|       0|    680|
|FIFO             |        -|      -|       -|      -|
|Instance         |        -|     25|    1903|   3595|
|Memory           |        -|      -|       -|      -|
|Multiplexer      |        -|      -|       -|    399|
|Register         |        -|      -|     723|      -|
+-----------------+---------+-------+--------+-------+
|Total            |        0|     25|    2626|   4674|
+-----------------+---------+-------+--------+-------+
|Available        |      280|    220|  106400|  53200|
+-----------------+---------+-------+--------+-------+
|Utilization (%)  |        0|     11|       2|      8|
+-----------------+---------+-------+--------+-------+

+ Detail: 
    * Instance: 
    +-------------------------+----------------------+---------+-------+-----+------+
    |         Instance        |        Module        | BRAM_18K| DSP48E|  FF |  LUT |
    +-------------------------+----------------------+---------+-------+-----+------+
    |imTemplateMatchinbkb_U1  |imTemplateMatchinbkb  |        0|      3|  445|  1149|
    |imTemplateMatchincud_U2  |imTemplateMatchincud  |        0|     11|  317|   578|
    |imTemplateMatchincud_U3  |imTemplateMatchincud  |        0|     11|  317|   578|
    |imTemplateMatchindEe_U4  |imTemplateMatchindEe  |        0|      0|  412|   645|
    |imTemplateMatchindEe_U5  |imTemplateMatchindEe  |        0|      0|  412|   645|
    +-------------------------+----------------------+---------+-------+-----+------+
    |Total                    |                      |        0|     25| 1903|  3595|
    +-------------------------+----------------------+---------+-------+-----+------+

    * DSP48: 
    N/A

    * Memory: 
    N/A

    * FIFO: 
    N/A

    * Expression: 
    +-----------------------+----------+-------+---+-----+------------+------------+
    |     Variable Name     | Operation| DSP48E| FF| LUT | Bitwidth P0| Bitwidth P1|
    +-----------------------+----------+-------+---+-----+------------+------------+
    |col_1_fu_214_p2        |     +    |      0|  0|   11|          11|           1|
    |next_mul_fu_184_p2     |     +    |      0|  0|   64|          11|          64|
    |row_4_fu_199_p2        |     +    |      0|  0|   11|           1|          11|
    |sh_assign_fu_297_p2    |     +    |      0|  0|   12|          11|          12|
    |tmp_43_fu_224_p2       |     +    |      0|  0|   22|          22|          22|
    |tmp_i_i_17_fu_311_p2   |     -    |      0|  0|   11|          10|          11|
    |tmp_18_fu_209_p2       |   icmp   |      0|  0|   11|          32|          32|
    |tmp_s_fu_194_p2        |   icmp   |      0|  0|   11|          32|          32|
    |tmp_62_i_i_fu_340_p2   |   lshr   |      0|  0|  157|          53|          53|
    |result_V_fu_374_p3     |  select  |      0|  0|    8|           1|           8|
    |sh_assign_8_fu_320_p3  |  select  |      0|  0|   12|           1|          12|
    |tmp_63_i_i_fu_346_p2   |    shl   |      0|  0|  350|         112|         112|
    +-----------------------+----------+-------+---+-----+------------+------------+
    |Total                  |          |      0|  0|  680|         297|         370|
    +-----------------------+----------+-------+---+-----+------------+------------+

    * Multiplexer: 
    +-----------------+----+-----------+-----+-----------+
    |       Name      | LUT| Input Size| Bits| Total Bits|
    +-----------------+----+-----------+-----+-----------+
    |ap_NS_fsm        |  24|         29|    1|         29|
    |col_reg_142      |  11|          2|   11|         22|
    |grp_fu_153_p0    |  64|          3|   64|        192|
    |grp_fu_153_p1    |  64|          3|   64|        192|
    |grp_fu_157_p0    |  64|          3|   64|        192|
    |grp_fu_157_p1    |  64|          3|   64|        192|
    |grp_fu_168_p0    |  32|          3|   32|         96|
    |imINPUT_blk_n    |   1|          2|    1|          2|
    |phi_mul_reg_131  |  64|          2|   64|        128|
    |row_reg_120      |  11|          2|   11|         22|
    +-----------------+----+-----------+-----+-----------+
    |Total            | 399|         52|  376|       1067|
    +-----------------+----+-----------+-----+-----------+

    * Register: 
    +---------------------+----+----+-----+-----------+
    |         Name        | FF | LUT| Bits| Const Bits|
    +---------------------+----+----+-----+-----------+
    |ap_CS_fsm            |  28|   0|   28|          0|
    |col_1_reg_426        |  11|   0|   11|          0|
    |col_reg_142          |  11|   0|   11|          0|
    |loc_V_8_reg_497      |  52|   0|   52|          0|
    |loc_V_reg_491        |  11|   0|   11|          0|
    |next_mul_reg_410     |  64|   0|   64|          0|
    |phi_mul_reg_131      |  64|   0|   64|          0|
    |reg_174              |  64|   0|   64|          0|
    |result_V_reg_502     |   8|   0|    8|          0|
    |row_4_reg_418        |  11|   0|   11|          0|
    |row_reg_120          |  11|   0|   11|          0|
    |tmp_22_reg_461       |  64|   0|   64|          0|
    |tmp_24_cast_reg_441  |   8|   0|    8|          0|
    |tmp_26_reg_466       |  64|   0|   64|          0|
    |tmp_27_reg_481       |  64|   0|   64|          0|
    |tmp_28_reg_486       |  64|   0|   64|          0|
    |tmp_29_cast_reg_446  |   8|   0|    8|          0|
    |tmp_29_reg_476       |  64|   0|   64|          0|
    |tmp_43_reg_431       |  22|   0|   22|          0|
    |tmp_63_reg_405       |  22|   0|   22|          0|
    |tmp_64_reg_436       |   8|   0|    8|          0|
    +---------------------+----+----+-----+-----------+
    |Total                | 723|   0|  723|          0|
    +---------------------+----+----+-----+-----------+



================================================================
== Interface
================================================================
* Summary: 
+-------------------+-----+-----+------------+---------------+--------------+
|     RTL Ports     | Dir | Bits|  Protocol  | Source Object |    C Type    |
+-------------------+-----+-----+------------+---------------+--------------+
|ap_clk             |  in |    1| ap_ctrl_hs | imGrayScale26 | return value |
|ap_rst             |  in |    1| ap_ctrl_hs | imGrayScale26 | return value |
|ap_start           |  in |    1| ap_ctrl_hs | imGrayScale26 | return value |
|ap_done            | out |    1| ap_ctrl_hs | imGrayScale26 | return value |
|ap_idle            | out |    1| ap_ctrl_hs | imGrayScale26 | return value |
|ap_ready           | out |    1| ap_ctrl_hs | imGrayScale26 | return value |
|imINPUT_dout       |  in |   32|   ap_fifo  |    imINPUT    |    pointer   |
|imINPUT_empty_n    |  in |    1|   ap_fifo  |    imINPUT    |    pointer   |
|imINPUT_read       | out |    1|   ap_fifo  |    imINPUT    |    pointer   |
|imOUTPUT_address0  | out |   21|  ap_memory |    imOUTPUT   |     array    |
|imOUTPUT_ce0       | out |    1|  ap_memory |    imOUTPUT   |     array    |
|imOUTPUT_we0       | out |    1|  ap_memory |    imOUTPUT   |     array    |
|imOUTPUT_d0        | out |   32|  ap_memory |    imOUTPUT   |     array    |
|imHeight           |  in |   32|   ap_none  |    imHeight   |    scalar    |
|imWidth            |  in |   32|   ap_none  |    imWidth    |    scalar    |
+-------------------+-----+-----+------------+---------------+--------------+

