

================================================================
== Vivado HLS Report for 'imGrayScale'
================================================================
* Date:           Wed Jan 27 23:59:55 2021

* Version:        2016.4 (Build 1756540 on Mon Jan 23 19:31:01 MST 2017)
* Project:        Task_1
* Solution:       solution1
* Product family: zynq
* Target device:  xc7z020clg484-1


================================================================
== Performance Estimates
================================================================
+ Timing (ns): 
    * Summary: 
    +--------+-------+----------+------------+
    |  Clock | Target| Estimated| Uncertainty|
    +--------+-------+----------+------------+
    |ap_clk  |  10.00|      8.23|        1.25|
    +--------+-------+----------+------------+

+ Latency (clock cycles): 
    * Summary: 
    +-----+----------+-----+----------+---------+
    |     Latency    |    Interval    | Pipeline|
    | min |    max   | min |    max   |   Type  |
    +-----+----------+-----+----------+---------+
    |    1|  41762401|    1|  41762401|   none  |
    +-----+----------+-----+----------+---------+

    + Detail: 
        * Instance: 
        N/A

        * Loop: 
        +----------+-----+----------+-----------+-----------+-----------+----------+----------+
        |          |     Latency    | Iteration |  Initiation Interval  |   Trip   |          |
        | Loop Name| min |    max   |  Latency  |  achieved |   target  |   Count  | Pipelined|
        +----------+-----+----------+-----------+-----------+-----------+----------+----------+
        |- L00     |    0|  41762400| 2 ~ 34802 |          -|          -| 0 ~ 1200 |    no    |
        | + L11    |    0|     34800|         29|          -|          -| 0 ~ 1200 |    no    |
        +----------+-----+----------+-----------+-----------+-----------+----------+----------+



================================================================
== Utilization Estimates
================================================================
* Summary: 
+-----------------+---------+-------+--------+-------+
|       Name      | BRAM_18K| DSP48E|   FF   |  LUT  |
+-----------------+---------+-------+--------+-------+
|DSP              |        -|      -|       -|      -|
|Expression       |        -|      -|       0|    680|
|FIFO             |        -|      -|       -|      -|
|Instance         |        -|     25|    1903|   3595|
|Memory           |        -|      -|       -|      -|
|Multiplexer      |        -|      -|       -|    404|
|Register         |        -|      -|     726|      -|
+-----------------+---------+-------+--------+-------+
|Total            |        0|     25|    2629|   4679|
+-----------------+---------+-------+--------+-------+
|Available        |      280|    220|  106400|  53200|
+-----------------+---------+-------+--------+-------+
|Utilization (%)  |        0|     11|       2|      8|
+-----------------+---------+-------+--------+-------+

+ Detail: 
    * Instance: 
    +----------------------------+----------------------+---------+-------+-----+------+
    |          Instance          |        Module        | BRAM_18K| DSP48E|  FF |  LUT |
    +----------------------------+----------------------+---------+-------+-----+------+
    |imTemplateMatchinbkb_x_U10  |imTemplateMatchinbkb  |        0|      3|  445|  1149|
    |imTemplateMatchincud_x_U11  |imTemplateMatchincud  |        0|     11|  317|   578|
    |imTemplateMatchincud_x_U12  |imTemplateMatchincud  |        0|     11|  317|   578|
    |imTemplateMatchindEe_x_U13  |imTemplateMatchindEe  |        0|      0|  412|   645|
    |imTemplateMatchindEe_x_U14  |imTemplateMatchindEe  |        0|      0|  412|   645|
    +----------------------------+----------------------+---------+-------+-----+------+
    |Total                       |                      |        0|     25| 1903|  3595|
    +----------------------------+----------------------+---------+-------+-----+------+

    * DSP48: 
    N/A

    * Memory: 
    N/A

    * FIFO: 
    N/A

    * Expression: 
    +-----------------------+----------+-------+---+-----+------------+------------+
    |     Variable Name     | Operation| DSP48E| FF| LUT | Bitwidth P0| Bitwidth P1|
    +-----------------------+----------+-------+---+-----+------------+------------+
    |col_1_fu_210_p2        |     +    |      0|  0|   11|          11|           1|
    |next_mul_fu_180_p2     |     +    |      0|  0|   64|          11|          64|
    |row_4_fu_195_p2        |     +    |      0|  0|   11|           1|          11|
    |sh_assign_fu_298_p2    |     +    |      0|  0|   12|          11|          12|
    |tmp_46_fu_220_p2       |     +    |      0|  0|   22|          22|          22|
    |tmp_i_i_20_fu_312_p2   |     -    |      0|  0|   11|          10|          11|
    |tmp_18_fu_205_p2       |   icmp   |      0|  0|   11|          32|          32|
    |tmp_s_fu_190_p2        |   icmp   |      0|  0|   11|          32|          32|
    |tmp_62_i_i_fu_341_p2   |   lshr   |      0|  0|  157|          53|          53|
    |result_V_fu_375_p3     |  select  |      0|  0|    8|           1|           8|
    |sh_assign_9_fu_321_p3  |  select  |      0|  0|   12|           1|          12|
    |tmp_63_i_i_fu_347_p2   |    shl   |      0|  0|  350|         112|         112|
    +-----------------------+----------+-------+---+-----+------------+------------+
    |Total                  |          |      0|  0|  680|         297|         370|
    +-----------------------+----------+-------+---+-----+------------+------------+

    * Multiplexer: 
    +-----------------+----+-----------+-----+-----------+
    |       Name      | LUT| Input Size| Bits| Total Bits|
    +-----------------+----+-----------+-----+-----------+
    |ap_NS_fsm        |  30|         32|    1|         32|
    |col_reg_138      |  11|          2|   11|         22|
    |grp_fu_149_p0    |  64|          3|   64|        192|
    |grp_fu_149_p1    |  64|          3|   64|        192|
    |grp_fu_153_p0    |  64|          3|   64|        192|
    |grp_fu_153_p1    |  64|          3|   64|        192|
    |grp_fu_164_p0    |  32|          3|   32|         96|
    |phi_mul_reg_127  |  64|          2|   64|        128|
    |row_reg_116      |  11|          2|   11|         22|
    +-----------------+----+-----------+-----+-----------+
    |Total            | 404|         53|  375|       1068|
    +-----------------+----+-----------+-----+-----------+

    * Register: 
    +---------------------+----+----+-----+-----------+
    |         Name        | FF | LUT| Bits| Const Bits|
    +---------------------+----+----+-----+-----------+
    |ap_CS_fsm            |  31|   0|   31|          0|
    |col_1_reg_423        |  11|   0|   11|          0|
    |col_reg_138          |  11|   0|   11|          0|
    |loc_V_9_reg_499      |  52|   0|   52|          0|
    |loc_V_reg_493        |  11|   0|   11|          0|
    |next_mul_reg_407     |  64|   0|   64|          0|
    |phi_mul_reg_127      |  64|   0|   64|          0|
    |reg_170              |  64|   0|   64|          0|
    |result_V_reg_504     |   8|   0|    8|          0|
    |row_4_reg_415        |  11|   0|   11|          0|
    |row_reg_116          |  11|   0|   11|          0|
    |tmp_22_reg_463       |  64|   0|   64|          0|
    |tmp_24_cast_reg_443  |   8|   0|    8|          0|
    |tmp_26_reg_468       |  64|   0|   64|          0|
    |tmp_27_reg_483       |  64|   0|   64|          0|
    |tmp_28_reg_488       |  64|   0|   64|          0|
    |tmp_29_cast_reg_448  |   8|   0|    8|          0|
    |tmp_31_reg_478       |  64|   0|   64|          0|
    |tmp_56_cast_reg_428  |  22|   0|   64|         42|
    |tmp_68_reg_402       |  22|   0|   22|          0|
    |tmp_69_reg_438       |   8|   0|    8|          0|
    +---------------------+----+----+-----+-----------+
    |Total                | 726|   0|  768|         42|
    +---------------------+----+----+-----+-----------+



================================================================
== Interface
================================================================
* Summary: 
+-------------------+-----+-----+------------+--------------+--------------+
|     RTL Ports     | Dir | Bits|  Protocol  | Source Object|    C Type    |
+-------------------+-----+-----+------------+--------------+--------------+
|ap_clk             |  in |    1| ap_ctrl_hs |  imGrayScale | return value |
|ap_rst             |  in |    1| ap_ctrl_hs |  imGrayScale | return value |
|ap_start           |  in |    1| ap_ctrl_hs |  imGrayScale | return value |
|ap_done            | out |    1| ap_ctrl_hs |  imGrayScale | return value |
|ap_idle            | out |    1| ap_ctrl_hs |  imGrayScale | return value |
|ap_ready           | out |    1| ap_ctrl_hs |  imGrayScale | return value |
|imINPUT_address0   | out |   21|  ap_memory |    imINPUT   |     array    |
|imINPUT_ce0        | out |    1|  ap_memory |    imINPUT   |     array    |
|imINPUT_q0         |  in |   32|  ap_memory |    imINPUT   |     array    |
|imOUTPUT_address0  | out |   21|  ap_memory |   imOUTPUT   |     array    |
|imOUTPUT_ce0       | out |    1|  ap_memory |   imOUTPUT   |     array    |
|imOUTPUT_we0       | out |    1|  ap_memory |   imOUTPUT   |     array    |
|imOUTPUT_d0        | out |   32|  ap_memory |   imOUTPUT   |     array    |
|imHeight           |  in |   32|   ap_none  |   imHeight   |    scalar    |
|imWidth            |  in |   32|   ap_none  |    imWidth   |    scalar    |
+-------------------+-----+-----+------------+--------------+--------------+

============================================================
+ Verbose Summary: Synthesis Manager
============================================================
InlineROM: 1
ExposeGlobal: 0
============================================================
+ Verbose Summary: CDFG Model
============================================================
IsTopModel: 0
ResetActiveHigh: 1
IsCombinational: 2
IsDatapathOnly: 2
HasWiredReturn: 1
HasMFsm: 0
HasVarLatency: 1
IsPipeline: 0
IsRtlPipelined: 0
IsInstanceOverlapped: 0
IsDontTouch: 0
HasImplIP: 0
IsGatedGlobalClock: 0


============================================================
+ Verbose Summary: Schedule
============================================================
* Number of FSM states: 31
* Pipeline: 0
* Dataflow Pipeline: 0

* FSM state transitions: 
1 --> 
	2  / true
2 --> 
	3  / (tmp_s)
3 --> 
	4  / (tmp_18)
	2  / (!tmp_18)
4 --> 
	5  / true
5 --> 
	6  / true
6 --> 
	7  / true
7 --> 
	8  / true
8 --> 
	9  / true
9 --> 
	10  / true
10 --> 
	11  / true
11 --> 
	12  / true
12 --> 
	13  / true
13 --> 
	14  / true
14 --> 
	15  / true
15 --> 
	16  / true
16 --> 
	17  / true
17 --> 
	18  / true
18 --> 
	19  / true
19 --> 
	20  / true
20 --> 
	21  / true
21 --> 
	22  / true
22 --> 
	23  / true
23 --> 
	24  / true
24 --> 
	25  / true
25 --> 
	26  / true
26 --> 
	27  / true
27 --> 
	28  / true
28 --> 
	29  / true
29 --> 
	30  / true
30 --> 
	31  / true
31 --> 
	3  / true
* FSM state operations: 

 <State 1>: 1.57ns
ST_1: imWidth_read (5)  [1/1] 0.00ns
:0  %imWidth_read = call i32 @_ssdm_op_Read.ap_auto.i32(i32 %imWidth)

ST_1: imHeight_read (6)  [1/1] 0.00ns
:1  %imHeight_read = call i32 @_ssdm_op_Read.ap_auto.i32(i32 %imHeight)

ST_1: StgValue_34 (7)  [1/1] 1.57ns  loc: imProcessing.cpp:53
:2  br label %1


 <State 2>: 3.40ns
ST_2: row (9)  [1/1] 0.00ns
:0  %row = phi i11 [ 0, %0 ], [ %row_4, %4 ]

ST_2: phi_mul (10)  [1/1] 0.00ns
:1  %phi_mul = phi i64 [ 0, %0 ], [ %next_mul, %4 ]

ST_2: tmp_68 (11)  [1/1] 0.00ns
:2  %tmp_68 = trunc i64 %phi_mul to i22

ST_2: next_mul (12)  [1/1] 3.40ns
:3  %next_mul = add i64 1200, %phi_mul

ST_2: tmp (13)  [1/1] 0.00ns  loc: imProcessing.cpp:53
:4  %tmp = sext i11 %row to i32

ST_2: tmp_s (14)  [1/1] 2.52ns  loc: imProcessing.cpp:53
:5  %tmp_s = icmp slt i32 %tmp, %imHeight_read

ST_2: row_4 (15)  [1/1] 1.84ns  loc: imProcessing.cpp:53
:6  %row_4 = add i11 1, %row

ST_2: StgValue_42 (16)  [1/1] 0.00ns  loc: imProcessing.cpp:53
:7  br i1 %tmp_s, label %2, label %5

ST_2: StgValue_43 (18)  [1/1] 0.00ns  loc: imProcessing.cpp:53
:0  call void (...)* @_ssdm_op_SpecLoopName([4 x i8]* @p_str21) nounwind

ST_2: tmp_16 (19)  [1/1] 0.00ns  loc: imProcessing.cpp:53
:1  %tmp_16 = call i32 (...)* @_ssdm_op_SpecRegionBegin([4 x i8]* @p_str21)

ST_2: StgValue_45 (20)  [1/1] 0.00ns  loc: imProcessing.cpp:54
:2  call void (...)* @_ssdm_op_SpecLoopTripCount(i32 0, i32 1200, i32 600, [1 x i8]* @p_str122) nounwind

ST_2: StgValue_46 (21)  [1/1] 1.57ns  loc: imProcessing.cpp:55
:3  br label %3

ST_2: StgValue_47 (80)  [1/1] 0.00ns  loc: imProcessing.cpp:78
:0  ret void


 <State 3>: 4.81ns
ST_3: col (23)  [1/1] 0.00ns
:0  %col = phi i11 [ 0, %2 ], [ %col_1, %._crit_edge ]

ST_3: tmp_17 (24)  [1/1] 0.00ns  loc: imProcessing.cpp:55
:1  %tmp_17 = sext i11 %col to i32

ST_3: tmp_18 (25)  [1/1] 2.52ns  loc: imProcessing.cpp:55
:2  %tmp_18 = icmp slt i32 %tmp_17, %imWidth_read

ST_3: col_1 (26)  [1/1] 1.84ns  loc: imProcessing.cpp:55
:3  %col_1 = add i11 %col, 1

ST_3: StgValue_52 (27)  [1/1] 0.00ns  loc: imProcessing.cpp:55
:4  br i1 %tmp_18, label %._crit_edge, label %4

ST_3: tmp_20_cast (32)  [1/1] 0.00ns  loc: imProcessing.cpp:60
._crit_edge:3  %tmp_20_cast = sext i11 %col to i22

ST_3: tmp_46 (33)  [1/1] 2.20ns  loc: imProcessing.cpp:60
._crit_edge:4  %tmp_46 = add i22 %tmp_20_cast, %tmp_68

ST_3: tmp_56_cast (34)  [1/1] 0.00ns  loc: imProcessing.cpp:60
._crit_edge:5  %tmp_56_cast = zext i22 %tmp_46 to i64

ST_3: imINPUT_addr (35)  [1/1] 0.00ns  loc: imProcessing.cpp:60
._crit_edge:6  %imINPUT_addr = getelementptr [1440000 x i32]* %imINPUT, i64 0, i64 %tmp_56_cast

ST_3: imINPUT_load (37)  [4/4] 2.61ns  loc: imProcessing.cpp:60
._crit_edge:8  %imINPUT_load = load volatile i32* %imINPUT_addr, align 4

ST_3: empty_21 (77)  [1/1] 0.00ns  loc: imProcessing.cpp:76
:0  %empty_21 = call i32 (...)* @_ssdm_op_SpecRegionEnd([4 x i8]* @p_str21, i32 %tmp_16)

ST_3: StgValue_59 (78)  [1/1] 0.00ns  loc: imProcessing.cpp:53
:1  br label %1


 <State 4>: 2.61ns
ST_4: imINPUT_load (37)  [3/4] 2.61ns  loc: imProcessing.cpp:60
._crit_edge:8  %imINPUT_load = load volatile i32* %imINPUT_addr, align 4


 <State 5>: 2.61ns
ST_5: imINPUT_load (37)  [2/4] 2.61ns  loc: imProcessing.cpp:60
._crit_edge:8  %imINPUT_load = load volatile i32* %imINPUT_addr, align 4


 <State 6>: 2.61ns
ST_6: imINPUT_load (37)  [1/4] 2.61ns  loc: imProcessing.cpp:60
._crit_edge:8  %imINPUT_load = load volatile i32* %imINPUT_addr, align 4

ST_6: tmp_69 (38)  [1/1] 0.00ns  loc: imProcessing.cpp:60
._crit_edge:9  %tmp_69 = trunc i32 %imINPUT_load to i8

ST_6: tmp_24_cast (42)  [1/1] 0.00ns  loc: imProcessing.cpp:60
._crit_edge:13  %tmp_24_cast = call i8 @_ssdm_op_PartSelect.i8.i32.i32.i32(i32 %imINPUT_load, i32 8, i32 15)

ST_6: tmp_29_cast (47)  [1/1] 0.00ns  loc: imProcessing.cpp:60
._crit_edge:18  %tmp_29_cast = call i8 @_ssdm_op_PartSelect.i8.i32.i32.i32(i32 %imINPUT_load, i32 16, i32 23)


 <State 7>: 6.28ns
ST_7: tmp_21_cast (39)  [1/1] 0.00ns  loc: imProcessing.cpp:60
._crit_edge:10  %tmp_21_cast = zext i8 %tmp_69 to i32

ST_7: tmp_22 (40)  [6/6] 6.28ns  loc: imProcessing.cpp:60
._crit_edge:11  %tmp_22 = sitofp i32 %tmp_21_cast to double

ST_7: tmp_25_cast (43)  [1/1] 0.00ns  loc: imProcessing.cpp:60
._crit_edge:14  %tmp_25_cast = zext i8 %tmp_24_cast to i32

ST_7: tmp_26 (44)  [6/6] 6.28ns  loc: imProcessing.cpp:60
._crit_edge:15  %tmp_26 = sitofp i32 %tmp_25_cast to double


 <State 8>: 6.28ns
ST_8: tmp_22 (40)  [5/6] 6.28ns  loc: imProcessing.cpp:60
._crit_edge:11  %tmp_22 = sitofp i32 %tmp_21_cast to double

ST_8: tmp_26 (44)  [5/6] 6.28ns  loc: imProcessing.cpp:60
._crit_edge:15  %tmp_26 = sitofp i32 %tmp_25_cast to double


 <State 9>: 6.28ns
ST_9: tmp_22 (40)  [4/6] 6.28ns  loc: imProcessing.cpp:60
._crit_edge:11  %tmp_22 = sitofp i32 %tmp_21_cast to double

ST_9: tmp_26 (44)  [4/6] 6.28ns  loc: imProcessing.cpp:60
._crit_edge:15  %tmp_26 = sitofp i32 %tmp_25_cast to double


 <State 10>: 6.28ns
ST_10: tmp_22 (40)  [3/6] 6.28ns  loc: imProcessing.cpp:60
._crit_edge:11  %tmp_22 = sitofp i32 %tmp_21_cast to double

ST_10: tmp_26 (44)  [3/6] 6.28ns  loc: imProcessing.cpp:60
._crit_edge:15  %tmp_26 = sitofp i32 %tmp_25_cast to double


 <State 11>: 6.28ns
ST_11: tmp_22 (40)  [2/6] 6.28ns  loc: imProcessing.cpp:60
._crit_edge:11  %tmp_22 = sitofp i32 %tmp_21_cast to double

ST_11: tmp_26 (44)  [2/6] 6.28ns  loc: imProcessing.cpp:60
._crit_edge:15  %tmp_26 = sitofp i32 %tmp_25_cast to double


 <State 12>: 6.28ns
ST_12: tmp_22 (40)  [1/6] 6.28ns  loc: imProcessing.cpp:60
._crit_edge:11  %tmp_22 = sitofp i32 %tmp_21_cast to double

ST_12: tmp_26 (44)  [1/6] 6.28ns  loc: imProcessing.cpp:60
._crit_edge:15  %tmp_26 = sitofp i32 %tmp_25_cast to double

ST_12: tmp_30_cast (48)  [1/1] 0.00ns  loc: imProcessing.cpp:60
._crit_edge:19  %tmp_30_cast = zext i8 %tmp_29_cast to i32

ST_12: tmp_31 (49)  [6/6] 6.28ns  loc: imProcessing.cpp:60
._crit_edge:20  %tmp_31 = sitofp i32 %tmp_30_cast to double


 <State 13>: 7.79ns
ST_13: tmp_23 (41)  [6/6] 7.79ns  loc: imProcessing.cpp:60
._crit_edge:12  %tmp_23 = fmul double %tmp_22, 1.140000e-01

ST_13: tmp_27 (45)  [6/6] 7.79ns  loc: imProcessing.cpp:60
._crit_edge:16  %tmp_27 = fmul double %tmp_26, 2.990000e-01

ST_13: tmp_31 (49)  [5/6] 6.28ns  loc: imProcessing.cpp:60
._crit_edge:20  %tmp_31 = sitofp i32 %tmp_30_cast to double


 <State 14>: 7.79ns
ST_14: tmp_23 (41)  [5/6] 7.79ns  loc: imProcessing.cpp:60
._crit_edge:12  %tmp_23 = fmul double %tmp_22, 1.140000e-01

ST_14: tmp_27 (45)  [5/6] 7.79ns  loc: imProcessing.cpp:60
._crit_edge:16  %tmp_27 = fmul double %tmp_26, 2.990000e-01

ST_14: tmp_31 (49)  [4/6] 6.28ns  loc: imProcessing.cpp:60
._crit_edge:20  %tmp_31 = sitofp i32 %tmp_30_cast to double


 <State 15>: 7.79ns
ST_15: tmp_23 (41)  [4/6] 7.79ns  loc: imProcessing.cpp:60
._crit_edge:12  %tmp_23 = fmul double %tmp_22, 1.140000e-01

ST_15: tmp_27 (45)  [4/6] 7.79ns  loc: imProcessing.cpp:60
._crit_edge:16  %tmp_27 = fmul double %tmp_26, 2.990000e-01

ST_15: tmp_31 (49)  [3/6] 6.28ns  loc: imProcessing.cpp:60
._crit_edge:20  %tmp_31 = sitofp i32 %tmp_30_cast to double


 <State 16>: 7.79ns
ST_16: tmp_23 (41)  [3/6] 7.79ns  loc: imProcessing.cpp:60
._crit_edge:12  %tmp_23 = fmul double %tmp_22, 1.140000e-01

ST_16: tmp_27 (45)  [3/6] 7.79ns  loc: imProcessing.cpp:60
._crit_edge:16  %tmp_27 = fmul double %tmp_26, 2.990000e-01

ST_16: tmp_31 (49)  [2/6] 6.28ns  loc: imProcessing.cpp:60
._crit_edge:20  %tmp_31 = sitofp i32 %tmp_30_cast to double


 <State 17>: 7.79ns
ST_17: tmp_23 (41)  [2/6] 7.79ns  loc: imProcessing.cpp:60
._crit_edge:12  %tmp_23 = fmul double %tmp_22, 1.140000e-01

ST_17: tmp_27 (45)  [2/6] 7.79ns  loc: imProcessing.cpp:60
._crit_edge:16  %tmp_27 = fmul double %tmp_26, 2.990000e-01

ST_17: tmp_31 (49)  [1/6] 6.28ns  loc: imProcessing.cpp:60
._crit_edge:20  %tmp_31 = sitofp i32 %tmp_30_cast to double


 <State 18>: 7.79ns
ST_18: tmp_23 (41)  [1/6] 7.79ns  loc: imProcessing.cpp:60
._crit_edge:12  %tmp_23 = fmul double %tmp_22, 1.140000e-01

ST_18: tmp_27 (45)  [1/6] 7.79ns  loc: imProcessing.cpp:60
._crit_edge:16  %tmp_27 = fmul double %tmp_26, 2.990000e-01

ST_18: tmp_32 (50)  [6/6] 7.79ns  loc: imProcessing.cpp:60
._crit_edge:21  %tmp_32 = fmul double %tmp_31, 5.870000e-01


 <State 19>: 8.23ns
ST_19: tmp_28 (46)  [5/5] 8.23ns  loc: imProcessing.cpp:60
._crit_edge:17  %tmp_28 = fadd double %tmp_23, %tmp_27

ST_19: tmp_32 (50)  [5/6] 7.79ns  loc: imProcessing.cpp:60
._crit_edge:21  %tmp_32 = fmul double %tmp_31, 5.870000e-01


 <State 20>: 8.23ns
ST_20: tmp_28 (46)  [4/5] 8.23ns  loc: imProcessing.cpp:60
._crit_edge:17  %tmp_28 = fadd double %tmp_23, %tmp_27

ST_20: tmp_32 (50)  [4/6] 7.79ns  loc: imProcessing.cpp:60
._crit_edge:21  %tmp_32 = fmul double %tmp_31, 5.870000e-01


 <State 21>: 8.23ns
ST_21: tmp_28 (46)  [3/5] 8.23ns  loc: imProcessing.cpp:60
._crit_edge:17  %tmp_28 = fadd double %tmp_23, %tmp_27

ST_21: tmp_32 (50)  [3/6] 7.79ns  loc: imProcessing.cpp:60
._crit_edge:21  %tmp_32 = fmul double %tmp_31, 5.870000e-01


 <State 22>: 8.23ns
ST_22: tmp_28 (46)  [2/5] 8.23ns  loc: imProcessing.cpp:60
._crit_edge:17  %tmp_28 = fadd double %tmp_23, %tmp_27

ST_22: tmp_32 (50)  [2/6] 7.79ns  loc: imProcessing.cpp:60
._crit_edge:21  %tmp_32 = fmul double %tmp_31, 5.870000e-01


 <State 23>: 8.23ns
ST_23: tmp_28 (46)  [1/5] 8.23ns  loc: imProcessing.cpp:60
._crit_edge:17  %tmp_28 = fadd double %tmp_23, %tmp_27

ST_23: tmp_32 (50)  [1/6] 7.79ns  loc: imProcessing.cpp:60
._crit_edge:21  %tmp_32 = fmul double %tmp_31, 5.870000e-01


 <State 24>: 8.23ns
ST_24: x_assign (51)  [5/5] 8.23ns  loc: imProcessing.cpp:60
._crit_edge:22  %x_assign = fadd double %tmp_28, %tmp_32


 <State 25>: 8.23ns
ST_25: x_assign (51)  [4/5] 8.23ns  loc: imProcessing.cpp:60
._crit_edge:22  %x_assign = fadd double %tmp_28, %tmp_32


 <State 26>: 8.23ns
ST_26: x_assign (51)  [3/5] 8.23ns  loc: imProcessing.cpp:60
._crit_edge:22  %x_assign = fadd double %tmp_28, %tmp_32


 <State 27>: 8.23ns
ST_27: x_assign (51)  [2/5] 8.23ns  loc: imProcessing.cpp:60
._crit_edge:22  %x_assign = fadd double %tmp_28, %tmp_32


 <State 28>: 8.23ns
ST_28: x_assign (51)  [1/5] 8.23ns  loc: imProcessing.cpp:60
._crit_edge:22  %x_assign = fadd double %tmp_28, %tmp_32

ST_28: p_Val2_s (52)  [1/1] 0.00ns  loc: /wrk/2016.4/nightly/2017_01_23_1756540/src/products/hls/hls_lib/src/hls/utils/x_hls_utils.h:469->/wrk/2016.4/nightly/2017_01_23_1756540/src/products/hls/hls_lib/src/hls/utils/x_hls_utils.h:473->/wrk/2016.4/nightly/2017_01_23_1756540/src/products/hls/hls_lib/src/hls/hls_round.h:390->/wrk/2016.4/nightly/2017_01_23_1756540/src/products/hls/hls_lib/src/lib_floatconversion.cpp:51->imProcessing.cpp:60
._crit_edge:23  %p_Val2_s = bitcast double %x_assign to i64

ST_28: loc_V (53)  [1/1] 0.00ns  loc: /wrk/2016.4/nightly/2017_01_23_1756540/src/products/hls/hls_lib/src/hls/utils/x_hls_utils.h:471->/wrk/2016.4/nightly/2017_01_23_1756540/src/products/hls/hls_lib/src/hls/utils/x_hls_utils.h:473->/wrk/2016.4/nightly/2017_01_23_1756540/src/products/hls/hls_lib/src/hls/hls_round.h:390->/wrk/2016.4/nightly/2017_01_23_1756540/src/products/hls/hls_lib/src/lib_floatconversion.cpp:51->imProcessing.cpp:60
._crit_edge:24  %loc_V = call i11 @_ssdm_op_PartSelect.i11.i64.i32.i32(i64 %p_Val2_s, i32 52, i32 62) nounwind

ST_28: loc_V_9 (54)  [1/1] 0.00ns  loc: /wrk/2016.4/nightly/2017_01_23_1756540/src/products/hls/hls_lib/src/hls/utils/x_hls_utils.h:472->/wrk/2016.4/nightly/2017_01_23_1756540/src/products/hls/hls_lib/src/hls/utils/x_hls_utils.h:473->/wrk/2016.4/nightly/2017_01_23_1756540/src/products/hls/hls_lib/src/hls/hls_round.h:390->/wrk/2016.4/nightly/2017_01_23_1756540/src/products/hls/hls_lib/src/lib_floatconversion.cpp:51->imProcessing.cpp:60
._crit_edge:25  %loc_V_9 = trunc i64 %p_Val2_s to i52


 <State 29>: 6.77ns
ST_29: p_Result_s (55)  [1/1] 0.00ns  loc: /wrk/2016.4/nightly/2017_01_23_1756540/src/products/hls/hls_lib/src/hls/utils/x_hls_utils.h:516->/wrk/2016.4/nightly/2017_01_23_1756540/src/products/hls/hls_lib/src/hls/hls_round.h:392->/wrk/2016.4/nightly/2017_01_23_1756540/src/products/hls/hls_lib/src/lib_floatconversion.cpp:51->imProcessing.cpp:60
._crit_edge:26  %p_Result_s = call i53 @_ssdm_op_BitConcatenate.i53.i1.i52(i1 true, i52 %loc_V_9) nounwind

ST_29: tmp_i_i (56)  [1/1] 0.00ns  loc: /wrk/2016.4/nightly/2017_01_23_1756540/src/products/hls/hls_lib/src/hls/hls_round.h:392->/wrk/2016.4/nightly/2017_01_23_1756540/src/products/hls/hls_lib/src/lib_floatconversion.cpp:51->imProcessing.cpp:60 (grouped into LUT with out node result_V)
._crit_edge:27  %tmp_i_i = zext i53 %p_Result_s to i112

ST_29: tmp_i_i_i_cast (57)  [1/1] 0.00ns  loc: /wrk/2016.4/nightly/2017_01_23_1756540/src/products/hls/hls_lib/src/hls/utils/x_hls_utils.h:496->/wrk/2016.4/nightly/2017_01_23_1756540/src/products/hls/hls_lib/src/hls/hls_round.h:395->/wrk/2016.4/nightly/2017_01_23_1756540/src/products/hls/hls_lib/src/lib_floatconversion.cpp:51->imProcessing.cpp:60
._crit_edge:28  %tmp_i_i_i_cast = zext i11 %loc_V to i12

ST_29: sh_assign (58)  [1/1] 1.84ns  loc: /wrk/2016.4/nightly/2017_01_23_1756540/src/products/hls/hls_lib/src/hls/utils/x_hls_utils.h:496->/wrk/2016.4/nightly/2017_01_23_1756540/src/products/hls/hls_lib/src/hls/hls_round.h:395->/wrk/2016.4/nightly/2017_01_23_1756540/src/products/hls/hls_lib/src/lib_floatconversion.cpp:51->imProcessing.cpp:60
._crit_edge:29  %sh_assign = add i12 -1023, %tmp_i_i_i_cast

ST_29: isNeg (59)  [1/1] 0.00ns  loc: /wrk/2016.4/nightly/2017_01_23_1756540/src/products/hls/hls_lib/src/hls/hls_round.h:395->/wrk/2016.4/nightly/2017_01_23_1756540/src/products/hls/hls_lib/src/lib_floatconversion.cpp:51->imProcessing.cpp:60
._crit_edge:30  %isNeg = call i1 @_ssdm_op_BitSelect.i1.i12.i32(i12 %sh_assign, i32 11)

ST_29: tmp_i_i_20 (60)  [1/1] 1.84ns  loc: /wrk/2016.4/nightly/2017_01_23_1756540/src/products/hls/hls_lib/src/hls/hls_round.h:395->/wrk/2016.4/nightly/2017_01_23_1756540/src/products/hls/hls_lib/src/lib_floatconversion.cpp:51->imProcessing.cpp:60
._crit_edge:31  %tmp_i_i_20 = sub i11 1023, %loc_V

ST_29: tmp_i_i_cast (61)  [1/1] 0.00ns  loc: /wrk/2016.4/nightly/2017_01_23_1756540/src/products/hls/hls_lib/src/hls/hls_round.h:395->/wrk/2016.4/nightly/2017_01_23_1756540/src/products/hls/hls_lib/src/lib_floatconversion.cpp:51->imProcessing.cpp:60
._crit_edge:32  %tmp_i_i_cast = sext i11 %tmp_i_i_20 to i12

ST_29: sh_assign_9 (62)  [1/1] 1.37ns  loc: /wrk/2016.4/nightly/2017_01_23_1756540/src/products/hls/hls_lib/src/hls/hls_round.h:395->/wrk/2016.4/nightly/2017_01_23_1756540/src/products/hls/hls_lib/src/lib_floatconversion.cpp:51->imProcessing.cpp:60
._crit_edge:33  %sh_assign_9 = select i1 %isNeg, i12 %tmp_i_i_cast, i12 %sh_assign

ST_29: sh_assign_1_i_i_cast (63)  [1/1] 0.00ns  loc: /wrk/2016.4/nightly/2017_01_23_1756540/src/products/hls/hls_lib/src/hls/hls_round.h:395->/wrk/2016.4/nightly/2017_01_23_1756540/src/products/hls/hls_lib/src/lib_floatconversion.cpp:51->imProcessing.cpp:60
._crit_edge:34  %sh_assign_1_i_i_cast = sext i12 %sh_assign_9 to i32

ST_29: tmp_61_i_i (64)  [1/1] 0.00ns  loc: /wrk/2016.4/nightly/2017_01_23_1756540/src/products/hls/hls_lib/src/hls/hls_round.h:395->/wrk/2016.4/nightly/2017_01_23_1756540/src/products/hls/hls_lib/src/lib_floatconversion.cpp:51->imProcessing.cpp:60 (grouped into LUT with out node result_V)
._crit_edge:35  %tmp_61_i_i = zext i32 %sh_assign_1_i_i_cast to i112

ST_29: tmp_61_i_i_cast (65)  [1/1] 0.00ns  loc: /wrk/2016.4/nightly/2017_01_23_1756540/src/products/hls/hls_lib/src/hls/hls_round.h:395->/wrk/2016.4/nightly/2017_01_23_1756540/src/products/hls/hls_lib/src/lib_floatconversion.cpp:51->imProcessing.cpp:60 (grouped into LUT with out node result_V)
._crit_edge:36  %tmp_61_i_i_cast = zext i32 %sh_assign_1_i_i_cast to i53

ST_29: tmp_62_i_i (66)  [1/1] 0.00ns  loc: /wrk/2016.4/nightly/2017_01_23_1756540/src/products/hls/hls_lib/src/hls/hls_round.h:395->/wrk/2016.4/nightly/2017_01_23_1756540/src/products/hls/hls_lib/src/lib_floatconversion.cpp:51->imProcessing.cpp:60 (grouped into LUT with out node result_V)
._crit_edge:37  %tmp_62_i_i = lshr i53 %p_Result_s, %tmp_61_i_i_cast

ST_29: tmp_63_i_i (67)  [1/1] 0.00ns  loc: /wrk/2016.4/nightly/2017_01_23_1756540/src/products/hls/hls_lib/src/hls/hls_round.h:395->/wrk/2016.4/nightly/2017_01_23_1756540/src/products/hls/hls_lib/src/lib_floatconversion.cpp:51->imProcessing.cpp:60 (grouped into LUT with out node result_V)
._crit_edge:38  %tmp_63_i_i = shl i112 %tmp_i_i, %tmp_61_i_i

ST_29: tmp_72 (68)  [1/1] 0.00ns  loc: /wrk/2016.4/nightly/2017_01_23_1756540/src/products/hls/hls_lib/src/hls/hls_round.h:395->/wrk/2016.4/nightly/2017_01_23_1756540/src/products/hls/hls_lib/src/lib_floatconversion.cpp:51->imProcessing.cpp:60 (grouped into LUT with out node result_V)
._crit_edge:39  %tmp_72 = call i1 @_ssdm_op_BitSelect.i1.i53.i32(i53 %tmp_62_i_i, i32 52)

ST_29: tmp_47 (69)  [1/1] 0.00ns  loc: /wrk/2016.4/nightly/2017_01_23_1756540/src/products/hls/hls_lib/src/hls/hls_round.h:395->/wrk/2016.4/nightly/2017_01_23_1756540/src/products/hls/hls_lib/src/lib_floatconversion.cpp:51->imProcessing.cpp:60 (grouped into LUT with out node result_V)
._crit_edge:40  %tmp_47 = zext i1 %tmp_72 to i8

ST_29: tmp_48 (70)  [1/1] 0.00ns  loc: /wrk/2016.4/nightly/2017_01_23_1756540/src/products/hls/hls_lib/src/hls/hls_round.h:398->/wrk/2016.4/nightly/2017_01_23_1756540/src/products/hls/hls_lib/src/lib_floatconversion.cpp:51->imProcessing.cpp:60 (grouped into LUT with out node result_V)
._crit_edge:41  %tmp_48 = call i8 @_ssdm_op_PartSelect.i8.i112.i32.i32(i112 %tmp_63_i_i, i32 52, i32 59)

ST_29: result_V (71)  [1/1] 3.56ns  loc: /wrk/2016.4/nightly/2017_01_23_1756540/src/products/hls/hls_lib/src/hls/hls_round.h:395->/wrk/2016.4/nightly/2017_01_23_1756540/src/products/hls/hls_lib/src/lib_floatconversion.cpp:51->imProcessing.cpp:60 (out node of the LUT)
._crit_edge:42  %result_V = select i1 %isNeg, i8 %tmp_47, i8 %tmp_48


 <State 30>: 2.61ns
ST_30: imOUTPUT_addr (36)  [1/1] 0.00ns  loc: imProcessing.cpp:72
._crit_edge:7  %imOUTPUT_addr = getelementptr [1440000 x i32]* %imOUTPUT, i64 0, i64 %tmp_56_cast

ST_30: tmp_33 (72)  [1/1] 0.00ns  loc: imProcessing.cpp:72
._crit_edge:43  %tmp_33 = call i32 @_ssdm_op_BitConcatenate.i32.i8.i8.i8.i8(i8 %result_V, i8 %result_V, i8 %result_V, i8 %result_V)

ST_30: StgValue_137 (73)  [2/2] 2.61ns  loc: imProcessing.cpp:72
._crit_edge:44  store i32 %tmp_33, i32* %imOUTPUT_addr, align 4


 <State 31>: 2.61ns
ST_31: StgValue_138 (29)  [1/1] 0.00ns  loc: imProcessing.cpp:55
._crit_edge:0  call void (...)* @_ssdm_op_SpecLoopName([4 x i8]* @p_str223) nounwind

ST_31: tmp_19 (30)  [1/1] 0.00ns  loc: imProcessing.cpp:55
._crit_edge:1  %tmp_19 = call i32 (...)* @_ssdm_op_SpecRegionBegin([4 x i8]* @p_str223)

ST_31: StgValue_140 (31)  [1/1] 0.00ns  loc: imProcessing.cpp:56
._crit_edge:2  call void (...)* @_ssdm_op_SpecLoopTripCount(i32 0, i32 1200, i32 600, [1 x i8]* @p_str122) nounwind

ST_31: StgValue_141 (73)  [1/2] 2.61ns  loc: imProcessing.cpp:72
._crit_edge:44  store i32 %tmp_33, i32* %imOUTPUT_addr, align 4

ST_31: empty (74)  [1/1] 0.00ns  loc: imProcessing.cpp:75
._crit_edge:45  %empty = call i32 (...)* @_ssdm_op_SpecRegionEnd([4 x i8]* @p_str223, i32 %tmp_19)

ST_31: StgValue_143 (75)  [1/1] 0.00ns  loc: imProcessing.cpp:55
._crit_edge:46  br label %3



============================================================
+ Verbose Summary: Binding
============================================================
STG Binding: 
---------------- STG Properties BEGIN ----------------
- Is combinational: 0
- Is one-state seq: 0
- Is datapath-only: 0
- Is clock enabled: 0
- Is pipelined: 0
- Is top level: 0
Port [ Return ] is wired: 1; IO mode=ap_ctrl_hs:ce=0
Port [ imINPUT]:  wired=1; compound=1; hidden=0; nouse=0; global=0; static=0; extern=0; dir=0; type=1; pingpong=0; private_global=0; MemPort=[13]; IO mode=ap_memory:ce=0
Port [ imOUTPUT]:  wired=1; compound=1; hidden=0; nouse=0; global=0; static=0; extern=0; dir=1; type=1; pingpong=0; private_global=0; MemPort=[03]; IO mode=ap_memory:ce=0
Port [ imHeight]:  wired=1; compound=0; hidden=0; nouse=0; global=0; static=0; extern=0; dir=0; type=0; pingpong=0; private_global=0; IO mode=ap_none:ce=0
Port [ imWidth]:  wired=1; compound=0; hidden=0; nouse=0; global=0; static=0; extern=0; dir=0; type=0; pingpong=0; private_global=0; IO mode=ap_none:ce=0
---------------- STG Properties END ------------------

---------------- Datapath Model BEGIN ----------------

<LifeTime>
<method=bitvector/>
imWidth_read         (read             ) [ 00111111111111111111111111111111]
imHeight_read        (read             ) [ 00111111111111111111111111111111]
StgValue_34          (br               ) [ 01111111111111111111111111111111]
row                  (phi              ) [ 00100000000000000000000000000000]
phi_mul              (phi              ) [ 00100000000000000000000000000000]
tmp_68               (trunc            ) [ 00011111111111111111111111111111]
next_mul             (add              ) [ 01111111111111111111111111111111]
tmp                  (sext             ) [ 00000000000000000000000000000000]
tmp_s                (icmp             ) [ 00111111111111111111111111111111]
row_4                (add              ) [ 01111111111111111111111111111111]
StgValue_42          (br               ) [ 00000000000000000000000000000000]
StgValue_43          (specloopname     ) [ 00000000000000000000000000000000]
tmp_16               (specregionbegin  ) [ 00011111111111111111111111111111]
StgValue_45          (speclooptripcount) [ 00000000000000000000000000000000]
StgValue_46          (br               ) [ 00111111111111111111111111111111]
StgValue_47          (ret              ) [ 00000000000000000000000000000000]
col                  (phi              ) [ 00010000000000000000000000000000]
tmp_17               (sext             ) [ 00000000000000000000000000000000]
tmp_18               (icmp             ) [ 00111111111111111111111111111111]
col_1                (add              ) [ 00111111111111111111111111111111]
StgValue_52          (br               ) [ 00000000000000000000000000000000]
tmp_20_cast          (sext             ) [ 00000000000000000000000000000000]
tmp_46               (add              ) [ 00000000000000000000000000000000]
tmp_56_cast          (zext             ) [ 00001111111111111111111111111110]
imINPUT_addr         (getelementptr    ) [ 00001110000000000000000000000000]
empty_21             (specregionend    ) [ 00000000000000000000000000000000]
StgValue_59          (br               ) [ 01111111111111111111111111111111]
imINPUT_load         (load             ) [ 00000000000000000000000000000000]
tmp_69               (trunc            ) [ 00000001000000000000000000000000]
tmp_24_cast          (partselect       ) [ 00000001000000000000000000000000]
tmp_29_cast          (partselect       ) [ 00000001111110000000000000000000]
tmp_21_cast          (zext             ) [ 00000000111110000000000000000000]
tmp_25_cast          (zext             ) [ 00000000111110000000000000000000]
tmp_22               (sitodp           ) [ 00000000000001111110000000000000]
tmp_26               (sitodp           ) [ 00000000000001111110000000000000]
tmp_30_cast          (zext             ) [ 00000000000001111100000000000000]
tmp_31               (sitodp           ) [ 00000000000000000011111100000000]
tmp_23               (dmul             ) [ 00000000000000000001111100000000]
tmp_27               (dmul             ) [ 00000000000000000001111100000000]
tmp_28               (dadd             ) [ 00000000000000000000000011111000]
tmp_32               (dmul             ) [ 00000000000000000000000011111000]
x_assign             (dadd             ) [ 00000000000000000000000000000000]
p_Val2_s             (bitcast          ) [ 00000000000000000000000000000000]
loc_V                (partselect       ) [ 00000000000000000000000000000100]
loc_V_9              (trunc            ) [ 00000000000000000000000000000100]
p_Result_s           (bitconcatenate   ) [ 00000000000000000000000000000000]
tmp_i_i              (zext             ) [ 00000000000000000000000000000000]
tmp_i_i_i_cast       (zext             ) [ 00000000000000000000000000000000]
sh_assign            (add              ) [ 00000000000000000000000000000000]
isNeg                (bitselect        ) [ 00000000000000000000000000000000]
tmp_i_i_20           (sub              ) [ 00000000000000000000000000000000]
tmp_i_i_cast         (sext             ) [ 00000000000000000000000000000000]
sh_assign_9          (select           ) [ 00000000000000000000000000000000]
sh_assign_1_i_i_cast (sext             ) [ 00000000000000000000000000000000]
tmp_61_i_i           (zext             ) [ 00000000000000000000000000000000]
tmp_61_i_i_cast      (zext             ) [ 00000000000000000000000000000000]
tmp_62_i_i           (lshr             ) [ 00000000000000000000000000000000]
tmp_63_i_i           (shl              ) [ 00000000000000000000000000000000]
tmp_72               (bitselect        ) [ 00000000000000000000000000000000]
tmp_47               (zext             ) [ 00000000000000000000000000000000]
tmp_48               (partselect       ) [ 00000000000000000000000000000000]
result_V             (select           ) [ 00000000000000000000000000000010]
imOUTPUT_addr        (getelementptr    ) [ 00000000000000000000000000000001]
tmp_33               (bitconcatenate   ) [ 00000000000000000000000000000001]
StgValue_138         (specloopname     ) [ 00000000000000000000000000000000]
tmp_19               (specregionbegin  ) [ 00000000000000000000000000000000]
StgValue_140         (speclooptripcount) [ 00000000000000000000000000000000]
StgValue_141         (store            ) [ 00000000000000000000000000000000]
empty                (specregionend    ) [ 00000000000000000000000000000000]
StgValue_143         (br               ) [ 00111111111111111111111111111111]
</LifeTime>

<model>

<comp_list>
<comp id="0" class="1000" name="imINPUT">
<pin_list>
<pin id="1" dir="1" index="0" bw="1" slack="0"/>
</pin_list>
<bind>
<StgValue><ssdm name="imINPUT"/><MemPortTyVec>1 3 </MemPortTyVec>
</StgValue>
</bind>
</comp>

<comp id="2" class="1000" name="imOUTPUT">
<pin_list>
<pin id="3" dir="1" index="0" bw="1" slack="0"/>
</pin_list>
<bind>
<StgValue><ssdm name="imOUTPUT"/><MemPortTyVec>0 3 </MemPortTyVec>
</StgValue>
</bind>
</comp>

<comp id="4" class="1000" name="imHeight">
<pin_list>
<pin id="5" dir="1" index="0" bw="1" slack="0"/>
</pin_list>
<bind>
<StgValue><ssdm name="imHeight"/></StgValue>
</bind>
</comp>

<comp id="6" class="1000" name="imWidth">
<pin_list>
<pin id="7" dir="1" index="0" bw="1" slack="0"/>
</pin_list>
<bind>
<StgValue><ssdm name="imWidth"/></StgValue>
</bind>
</comp>

<comp id="8" class="1001" name="const_8">
<pin_list>
<pin id="9" dir="1" index="0" bw="1" slack="0"/>
</pin_list>
<bind>
<StgValue><ssdm name="_ssdm_op_Read.ap_auto.i32"/></StgValue>
</bind>
</comp>

<comp id="10" class="1001" name="const_10">
<pin_list>
<pin id="11" dir="1" index="0" bw="1" slack="1"/>
</pin_list>
<bind>
<StgValue><ssdm name=""/></StgValue>
</bind>
</comp>

<comp id="12" class="1001" name="const_12">
<pin_list>
<pin id="13" dir="1" index="0" bw="1" slack="0"/>
</pin_list>
<bind>
<StgValue><ssdm name=""/></StgValue>
</bind>
</comp>

<comp id="14" class="1001" name="const_14">
<pin_list>
<pin id="15" dir="1" index="0" bw="1" slack="0"/>
</pin_list>
<bind>
<StgValue><ssdm name=""/></StgValue>
</bind>
</comp>

<comp id="16" class="1001" name="const_16">
<pin_list>
<pin id="17" dir="1" index="0" bw="1" slack="0"/>
</pin_list>
<bind>
<StgValue><ssdm name=""/></StgValue>
</bind>
</comp>

<comp id="18" class="1001" name="const_18">
<pin_list>
<pin id="19" dir="1" index="0" bw="1" slack="2147483647"/>
</pin_list>
<bind>
<StgValue><ssdm name="_ssdm_op_SpecLoopName"/></StgValue>
</bind>
</comp>

<comp id="20" class="1001" name="const_20">
<pin_list>
<pin id="21" dir="1" index="0" bw="1" slack="2147483647"/>
</pin_list>
<bind>
<StgValue><ssdm name="p_str21"/></StgValue>
</bind>
</comp>

<comp id="22" class="1001" name="const_22">
<pin_list>
<pin id="23" dir="1" index="0" bw="1" slack="2147483647"/>
</pin_list>
<bind>
<StgValue><ssdm name="_ssdm_op_SpecRegionBegin"/></StgValue>
</bind>
</comp>

<comp id="24" class="1001" name="const_24">
<pin_list>
<pin id="25" dir="1" index="0" bw="1" slack="2147483647"/>
</pin_list>
<bind>
<StgValue><ssdm name="_ssdm_op_SpecLoopTripCount"/></StgValue>
</bind>
</comp>

<comp id="26" class="1001" name="const_26">
<pin_list>
<pin id="27" dir="1" index="0" bw="1" slack="2147483647"/>
</pin_list>
<bind>
<StgValue><ssdm name=""/></StgValue>
</bind>
</comp>

<comp id="28" class="1001" name="const_28">
<pin_list>
<pin id="29" dir="1" index="0" bw="1" slack="2147483647"/>
</pin_list>
<bind>
<StgValue><ssdm name=""/></StgValue>
</bind>
</comp>

<comp id="30" class="1001" name="const_30">
<pin_list>
<pin id="31" dir="1" index="0" bw="1" slack="2147483647"/>
</pin_list>
<bind>
<StgValue><ssdm name=""/></StgValue>
</bind>
</comp>

<comp id="32" class="1001" name="const_32">
<pin_list>
<pin id="33" dir="1" index="0" bw="1" slack="2147483647"/>
</pin_list>
<bind>
<StgValue><ssdm name="p_str122"/></StgValue>
</bind>
</comp>

<comp id="34" class="1001" name="const_34">
<pin_list>
<pin id="35" dir="1" index="0" bw="1" slack="2147483647"/>
</pin_list>
<bind>
<StgValue><ssdm name="_ssdm_op_SpecRegionEnd"/></StgValue>
</bind>
</comp>

<comp id="36" class="1001" name="const_36">
<pin_list>
<pin id="37" dir="1" index="0" bw="1" slack="0"/>
</pin_list>
<bind>
<StgValue><ssdm name="_ssdm_op_PartSelect.i8.i32.i32.i32"/></StgValue>
</bind>
</comp>

<comp id="38" class="1001" name="const_38">
<pin_list>
<pin id="39" dir="1" index="0" bw="1" slack="0"/>
</pin_list>
<bind>
<StgValue><ssdm name=""/></StgValue>
</bind>
</comp>

<comp id="40" class="1001" name="const_40">
<pin_list>
<pin id="41" dir="1" index="0" bw="1" slack="0"/>
</pin_list>
<bind>
<StgValue><ssdm name=""/></StgValue>
</bind>
</comp>

<comp id="42" class="1001" name="const_42">
<pin_list>
<pin id="43" dir="1" index="0" bw="1" slack="0"/>
</pin_list>
<bind>
<StgValue><ssdm name=""/></StgValue>
</bind>
</comp>

<comp id="44" class="1001" name="const_44">
<pin_list>
<pin id="45" dir="1" index="0" bw="1" slack="0"/>
</pin_list>
<bind>
<StgValue><ssdm name=""/></StgValue>
</bind>
</comp>

<comp id="46" class="1001" name="const_46">
<pin_list>
<pin id="47" dir="1" index="0" bw="1" slack="0"/>
</pin_list>
<bind>
<StgValue><ssdm name=""/></StgValue>
</bind>
</comp>

<comp id="48" class="1001" name="const_48">
<pin_list>
<pin id="49" dir="1" index="0" bw="1" slack="0"/>
</pin_list>
<bind>
<StgValue><ssdm name=""/></StgValue>
</bind>
</comp>

<comp id="50" class="1001" name="const_50">
<pin_list>
<pin id="51" dir="1" index="0" bw="1" slack="0"/>
</pin_list>
<bind>
<StgValue><ssdm name=""/></StgValue>
</bind>
</comp>

<comp id="52" class="1001" name="const_52">
<pin_list>
<pin id="53" dir="1" index="0" bw="1" slack="0"/>
</pin_list>
<bind>
<StgValue><ssdm name="_ssdm_op_PartSelect.i11.i64.i32.i32"/></StgValue>
</bind>
</comp>

<comp id="54" class="1001" name="const_54">
<pin_list>
<pin id="55" dir="1" index="0" bw="1" slack="0"/>
</pin_list>
<bind>
<StgValue><ssdm name=""/></StgValue>
</bind>
</comp>

<comp id="56" class="1001" name="const_56">
<pin_list>
<pin id="57" dir="1" index="0" bw="1" slack="0"/>
</pin_list>
<bind>
<StgValue><ssdm name=""/></StgValue>
</bind>
</comp>

<comp id="58" class="1001" name="const_58">
<pin_list>
<pin id="59" dir="1" index="0" bw="1" slack="0"/>
</pin_list>
<bind>
<StgValue><ssdm name="_ssdm_op_BitConcatenate.i53.i1.i52"/></StgValue>
</bind>
</comp>

<comp id="60" class="1001" name="const_60">
<pin_list>
<pin id="61" dir="1" index="0" bw="1" slack="0"/>
</pin_list>
<bind>
<StgValue><ssdm name=""/></StgValue>
</bind>
</comp>

<comp id="62" class="1001" name="const_62">
<pin_list>
<pin id="63" dir="1" index="0" bw="1" slack="0"/>
</pin_list>
<bind>
<StgValue><ssdm name=""/></StgValue>
</bind>
</comp>

<comp id="64" class="1001" name="const_64">
<pin_list>
<pin id="65" dir="1" index="0" bw="1" slack="0"/>
</pin_list>
<bind>
<StgValue><ssdm name="_ssdm_op_BitSelect.i1.i12.i32"/></StgValue>
</bind>
</comp>

<comp id="66" class="1001" name="const_66">
<pin_list>
<pin id="67" dir="1" index="0" bw="1" slack="0"/>
</pin_list>
<bind>
<StgValue><ssdm name=""/></StgValue>
</bind>
</comp>

<comp id="68" class="1001" name="const_68">
<pin_list>
<pin id="69" dir="1" index="0" bw="1" slack="0"/>
</pin_list>
<bind>
<StgValue><ssdm name=""/></StgValue>
</bind>
</comp>

<comp id="70" class="1001" name="const_70">
<pin_list>
<pin id="71" dir="1" index="0" bw="1" slack="0"/>
</pin_list>
<bind>
<StgValue><ssdm name="_ssdm_op_BitSelect.i1.i53.i32"/></StgValue>
</bind>
</comp>

<comp id="72" class="1001" name="const_72">
<pin_list>
<pin id="73" dir="1" index="0" bw="1" slack="0"/>
</pin_list>
<bind>
<StgValue><ssdm name="_ssdm_op_PartSelect.i8.i112.i32.i32"/></StgValue>
</bind>
</comp>

<comp id="74" class="1001" name="const_74">
<pin_list>
<pin id="75" dir="1" index="0" bw="1" slack="0"/>
</pin_list>
<bind>
<StgValue><ssdm name=""/></StgValue>
</bind>
</comp>

<comp id="76" class="1001" name="const_76">
<pin_list>
<pin id="77" dir="1" index="0" bw="1" slack="0"/>
</pin_list>
<bind>
<StgValue><ssdm name="_ssdm_op_BitConcatenate.i32.i8.i8.i8.i8"/></StgValue>
</bind>
</comp>

<comp id="78" class="1001" name="const_78">
<pin_list>
<pin id="79" dir="1" index="0" bw="1" slack="2147483647"/>
</pin_list>
<bind>
<StgValue><ssdm name="p_str223"/></StgValue>
</bind>
</comp>

<comp id="80" class="1004" name="imWidth_read_read_fu_80">
<pin_list>
<pin id="81" dir="0" index="0" bw="32" slack="0"/>
<pin id="82" dir="0" index="1" bw="32" slack="0"/>
<pin id="83" dir="1" index="2" bw="32" slack="2"/>
</pin_list>
<bind>
<opcode="read(1150) " fcode="read"/>
<opset="imWidth_read/1 "/>
</bind>
</comp>

<comp id="86" class="1004" name="imHeight_read_read_fu_86">
<pin_list>
<pin id="87" dir="0" index="0" bw="32" slack="0"/>
<pin id="88" dir="0" index="1" bw="32" slack="0"/>
<pin id="89" dir="1" index="2" bw="32" slack="1"/>
</pin_list>
<bind>
<opcode="read(1150) " fcode="read"/>
<opset="imHeight_read/1 "/>
</bind>
</comp>

<comp id="92" class="1004" name="imINPUT_addr_gep_fu_92">
<pin_list>
<pin id="93" dir="0" index="0" bw="32" slack="0"/>
<pin id="94" dir="0" index="1" bw="1" slack="0"/>
<pin id="95" dir="0" index="2" bw="22" slack="0"/>
<pin id="96" dir="1" index="3" bw="21" slack="0"/>
</pin_list>
<bind>
<opcode="getelementptr(29) " fcode="getelementptr"/>
<opset="imINPUT_addr/3 "/>
</bind>
</comp>

<comp id="99" class="1004" name="grp_access_fu_99">
<pin_list>
<pin id="100" dir="0" index="0" bw="21" slack="0"/>
<pin id="101" dir="0" index="1" bw="32" slack="2147483647"/>
<pin id="102" dir="1" index="2" bw="32" slack="0"/>
</pin_list>
<bind>
<opcode="load(27) " fcode="load"/>
<opset="imINPUT_load/3 "/>
</bind>
</comp>

<comp id="104" class="1004" name="imOUTPUT_addr_gep_fu_104">
<pin_list>
<pin id="105" dir="0" index="0" bw="32" slack="0"/>
<pin id="106" dir="0" index="1" bw="1" slack="0"/>
<pin id="107" dir="0" index="2" bw="22" slack="27"/>
<pin id="108" dir="1" index="3" bw="21" slack="0"/>
</pin_list>
<bind>
<opcode="getelementptr(29) " fcode="getelementptr"/>
<opset="imOUTPUT_addr/30 "/>
</bind>
</comp>

<comp id="111" class="1004" name="grp_access_fu_111">
<pin_list>
<pin id="112" dir="0" index="0" bw="21" slack="0"/>
<pin id="113" dir="0" index="1" bw="32" slack="0"/>
<pin id="114" dir="1" index="2" bw="32" slack="2147483647"/>
</pin_list>
<bind>
<opcode="store(28) " fcode="store"/>
<opset="StgValue_137/30 "/>
</bind>
</comp>

<comp id="116" class="1005" name="row_reg_116">
<pin_list>
<pin id="117" dir="0" index="0" bw="11" slack="1"/>
<pin id="118" dir="1" index="1" bw="11" slack="1"/>
</pin_list>
<bind>
<opset="row (phireg) "/>
</bind>
</comp>

<comp id="120" class="1004" name="row_phi_fu_120">
<pin_list>
<pin id="121" dir="0" index="0" bw="1" slack="1"/>
<pin id="122" dir="0" index="1" bw="0" slack="2147483647"/>
<pin id="123" dir="0" index="2" bw="11" slack="0"/>
<pin id="124" dir="0" index="3" bw="0" slack="2147483647"/>
<pin id="125" dir="1" index="4" bw="11" slack="0"/>
</pin_list>
<bind>
<opcode="phi(47) " fcode="phi"/>
<opset="row/2 "/>
</bind>
</comp>

<comp id="127" class="1005" name="phi_mul_reg_127">
<pin_list>
<pin id="128" dir="0" index="0" bw="64" slack="1"/>
<pin id="129" dir="1" index="1" bw="64" slack="1"/>
</pin_list>
<bind>
<opset="phi_mul (phireg) "/>
</bind>
</comp>

<comp id="131" class="1004" name="phi_mul_phi_fu_131">
<pin_list>
<pin id="132" dir="0" index="0" bw="1" slack="1"/>
<pin id="133" dir="0" index="1" bw="0" slack="2147483647"/>
<pin id="134" dir="0" index="2" bw="64" slack="0"/>
<pin id="135" dir="0" index="3" bw="0" slack="2147483647"/>
<pin id="136" dir="1" index="4" bw="64" slack="0"/>
</pin_list>
<bind>
<opcode="phi(47) " fcode="phi"/>
<opset="phi_mul/2 "/>
</bind>
</comp>

<comp id="138" class="1005" name="col_reg_138">
<pin_list>
<pin id="139" dir="0" index="0" bw="11" slack="1"/>
<pin id="140" dir="1" index="1" bw="11" slack="1"/>
</pin_list>
<bind>
<opset="col (phireg) "/>
</bind>
</comp>

<comp id="142" class="1004" name="col_phi_fu_142">
<pin_list>
<pin id="143" dir="0" index="0" bw="1" slack="1"/>
<pin id="144" dir="0" index="1" bw="0" slack="2147483647"/>
<pin id="145" dir="0" index="2" bw="11" slack="0"/>
<pin id="146" dir="0" index="3" bw="0" slack="2147483647"/>
<pin id="147" dir="1" index="4" bw="11" slack="0"/>
</pin_list>
<bind>
<opcode="phi(47) " fcode="phi"/>
<opset="col/3 "/>
</bind>
</comp>

<comp id="149" class="1004" name="grp_fu_149">
<pin_list>
<pin id="150" dir="0" index="0" bw="64" slack="1"/>
<pin id="151" dir="0" index="1" bw="64" slack="1"/>
<pin id="152" dir="1" index="2" bw="64" slack="0"/>
</pin_list>
<bind>
<opcode="dadd(508) " fcode="dadd"/>
<opset="tmp_28/19 x_assign/24 "/>
</bind>
</comp>

<comp id="153" class="1004" name="grp_fu_153">
<pin_list>
<pin id="154" dir="0" index="0" bw="64" slack="1"/>
<pin id="155" dir="0" index="1" bw="64" slack="0"/>
<pin id="156" dir="1" index="2" bw="64" slack="1"/>
</pin_list>
<bind>
<opcode="dmul(510) " fcode="dmul"/>
<opset="tmp_23/13 tmp_32/18 "/>
</bind>
</comp>

<comp id="158" class="1004" name="grp_fu_158">
<pin_list>
<pin id="159" dir="0" index="0" bw="64" slack="1"/>
<pin id="160" dir="0" index="1" bw="64" slack="0"/>
<pin id="161" dir="1" index="2" bw="64" slack="1"/>
</pin_list>
<bind>
<opcode="dmul(510) " fcode="dmul"/>
<opset="tmp_27/13 "/>
</bind>
</comp>

<comp id="164" class="1004" name="grp_fu_164">
<pin_list>
<pin id="165" dir="0" index="0" bw="8" slack="0"/>
<pin id="166" dir="1" index="1" bw="64" slack="1"/>
</pin_list>
<bind>
<opcode="sitodp(517) " fcode="sitodp"/>
<opset="tmp_22/7 tmp_31/12 "/>
</bind>
</comp>

<comp id="167" class="1004" name="grp_fu_167">
<pin_list>
<pin id="168" dir="0" index="0" bw="8" slack="0"/>
<pin id="169" dir="1" index="1" bw="64" slack="1"/>
</pin_list>
<bind>
<opcode="sitodp(517) " fcode="sitodp"/>
<opset="tmp_26/7 "/>
</bind>
</comp>

<comp id="170" class="1005" name="reg_170">
<pin_list>
<pin id="171" dir="0" index="0" bw="64" slack="1"/>
<pin id="172" dir="1" index="1" bw="64" slack="1"/>
</pin_list>
<bind>
<opset="tmp_23 tmp_32 "/>
</bind>
</comp>

<comp id="176" class="1004" name="tmp_68_fu_176">
<pin_list>
<pin id="177" dir="0" index="0" bw="64" slack="0"/>
<pin id="178" dir="1" index="1" bw="22" slack="1"/>
</pin_list>
<bind>
<opcode="trunc(33) " fcode="trunc"/>
<opset="tmp_68/2 "/>
</bind>
</comp>

<comp id="180" class="1004" name="next_mul_fu_180">
<pin_list>
<pin id="181" dir="0" index="0" bw="12" slack="0"/>
<pin id="182" dir="0" index="1" bw="64" slack="0"/>
<pin id="183" dir="1" index="2" bw="64" slack="0"/>
</pin_list>
<bind>
<opcode="add(8) " fcode="add"/>
<opset="next_mul/2 "/>
</bind>
</comp>

<comp id="186" class="1004" name="tmp_fu_186">
<pin_list>
<pin id="187" dir="0" index="0" bw="11" slack="0"/>
<pin id="188" dir="1" index="1" bw="32" slack="0"/>
</pin_list>
<bind>
<opcode="sext(35) " fcode="sext"/>
<opset="tmp/2 "/>
</bind>
</comp>

<comp id="190" class="1004" name="tmp_s_fu_190">
<pin_list>
<pin id="191" dir="0" index="0" bw="32" slack="0"/>
<pin id="192" dir="0" index="1" bw="32" slack="1"/>
<pin id="193" dir="1" index="2" bw="1" slack="2147483647"/>
</pin_list>
<bind>
<opcode="icmp(45) " fcode="icmp"/>
<opset="tmp_s/2 "/>
</bind>
</comp>

<comp id="195" class="1004" name="row_4_fu_195">
<pin_list>
<pin id="196" dir="0" index="0" bw="1" slack="0"/>
<pin id="197" dir="0" index="1" bw="11" slack="0"/>
<pin id="198" dir="1" index="2" bw="11" slack="0"/>
</pin_list>
<bind>
<opcode="add(8) " fcode="add"/>
<opset="row_4/2 "/>
</bind>
</comp>

<comp id="201" class="1004" name="tmp_17_fu_201">
<pin_list>
<pin id="202" dir="0" index="0" bw="11" slack="0"/>
<pin id="203" dir="1" index="1" bw="32" slack="0"/>
</pin_list>
<bind>
<opcode="sext(35) " fcode="sext"/>
<opset="tmp_17/3 "/>
</bind>
</comp>

<comp id="205" class="1004" name="tmp_18_fu_205">
<pin_list>
<pin id="206" dir="0" index="0" bw="32" slack="0"/>
<pin id="207" dir="0" index="1" bw="32" slack="2"/>
<pin id="208" dir="1" index="2" bw="1" slack="2147483647"/>
</pin_list>
<bind>
<opcode="icmp(45) " fcode="icmp"/>
<opset="tmp_18/3 "/>
</bind>
</comp>

<comp id="210" class="1004" name="col_1_fu_210">
<pin_list>
<pin id="211" dir="0" index="0" bw="11" slack="0"/>
<pin id="212" dir="0" index="1" bw="1" slack="0"/>
<pin id="213" dir="1" index="2" bw="11" slack="0"/>
</pin_list>
<bind>
<opcode="add(8) " fcode="add"/>
<opset="col_1/3 "/>
</bind>
</comp>

<comp id="216" class="1004" name="tmp_20_cast_fu_216">
<pin_list>
<pin id="217" dir="0" index="0" bw="11" slack="0"/>
<pin id="218" dir="1" index="1" bw="22" slack="0"/>
</pin_list>
<bind>
<opcode="sext(35) " fcode="sext"/>
<opset="tmp_20_cast/3 "/>
</bind>
</comp>

<comp id="220" class="1004" name="tmp_46_fu_220">
<pin_list>
<pin id="221" dir="0" index="0" bw="11" slack="0"/>
<pin id="222" dir="0" index="1" bw="22" slack="1"/>
<pin id="223" dir="1" index="2" bw="22" slack="0"/>
</pin_list>
<bind>
<opcode="add(8) " fcode="add"/>
<opset="tmp_46/3 "/>
</bind>
</comp>

<comp id="225" class="1004" name="tmp_56_cast_fu_225">
<pin_list>
<pin id="226" dir="0" index="0" bw="22" slack="0"/>
<pin id="227" dir="1" index="1" bw="64" slack="0"/>
</pin_list>
<bind>
<opcode="zext(34) " fcode="zext"/>
<opset="tmp_56_cast/3 "/>
</bind>
</comp>

<comp id="230" class="1004" name="tmp_69_fu_230">
<pin_list>
<pin id="231" dir="0" index="0" bw="32" slack="0"/>
<pin id="232" dir="1" index="1" bw="8" slack="1"/>
</pin_list>
<bind>
<opcode="trunc(33) " fcode="trunc"/>
<opset="tmp_69/6 "/>
</bind>
</comp>

<comp id="234" class="1004" name="tmp_24_cast_fu_234">
<pin_list>
<pin id="235" dir="0" index="0" bw="8" slack="0"/>
<pin id="236" dir="0" index="1" bw="32" slack="0"/>
<pin id="237" dir="0" index="2" bw="5" slack="0"/>
<pin id="238" dir="0" index="3" bw="5" slack="0"/>
<pin id="239" dir="1" index="4" bw="8" slack="1"/>
</pin_list>
<bind>
<opcode="partselect(1002) " fcode="partselect"/>
<opset="tmp_24_cast/6 "/>
</bind>
</comp>

<comp id="244" class="1004" name="tmp_29_cast_fu_244">
<pin_list>
<pin id="245" dir="0" index="0" bw="8" slack="0"/>
<pin id="246" dir="0" index="1" bw="32" slack="0"/>
<pin id="247" dir="0" index="2" bw="6" slack="0"/>
<pin id="248" dir="0" index="3" bw="6" slack="0"/>
<pin id="249" dir="1" index="4" bw="8" slack="6"/>
</pin_list>
<bind>
<opcode="partselect(1002) " fcode="partselect"/>
<opset="tmp_29_cast/6 "/>
</bind>
</comp>

<comp id="254" class="1004" name="tmp_21_cast_fu_254">
<pin_list>
<pin id="255" dir="0" index="0" bw="8" slack="1"/>
<pin id="256" dir="1" index="1" bw="32" slack="0"/>
</pin_list>
<bind>
<opcode="zext(34) " fcode="zext"/>
<opset="tmp_21_cast/7 "/>
</bind>
</comp>

<comp id="258" class="1004" name="tmp_25_cast_fu_258">
<pin_list>
<pin id="259" dir="0" index="0" bw="8" slack="1"/>
<pin id="260" dir="1" index="1" bw="32" slack="0"/>
</pin_list>
<bind>
<opcode="zext(34) " fcode="zext"/>
<opset="tmp_25_cast/7 "/>
</bind>
</comp>

<comp id="262" class="1004" name="tmp_30_cast_fu_262">
<pin_list>
<pin id="263" dir="0" index="0" bw="8" slack="6"/>
<pin id="264" dir="1" index="1" bw="32" slack="0"/>
</pin_list>
<bind>
<opcode="zext(34) " fcode="zext"/>
<opset="tmp_30_cast/12 "/>
</bind>
</comp>

<comp id="266" class="1004" name="p_Val2_s_fu_266">
<pin_list>
<pin id="267" dir="0" index="0" bw="64" slack="0"/>
<pin id="268" dir="1" index="1" bw="64" slack="0"/>
</pin_list>
<bind>
<opcode="bitcast(44) " fcode="bitcast"/>
<opset="p_Val2_s/28 "/>
</bind>
</comp>

<comp id="270" class="1004" name="loc_V_fu_270">
<pin_list>
<pin id="271" dir="0" index="0" bw="11" slack="0"/>
<pin id="272" dir="0" index="1" bw="64" slack="0"/>
<pin id="273" dir="0" index="2" bw="7" slack="0"/>
<pin id="274" dir="0" index="3" bw="7" slack="0"/>
<pin id="275" dir="1" index="4" bw="11" slack="1"/>
</pin_list>
<bind>
<opcode="partselect(1002) " fcode="partselect"/>
<opset="loc_V/28 "/>
</bind>
</comp>

<comp id="280" class="1004" name="loc_V_9_fu_280">
<pin_list>
<pin id="281" dir="0" index="0" bw="64" slack="0"/>
<pin id="282" dir="1" index="1" bw="52" slack="1"/>
</pin_list>
<bind>
<opcode="trunc(33) " fcode="trunc"/>
<opset="loc_V_9/28 "/>
</bind>
</comp>

<comp id="284" class="1004" name="p_Result_s_fu_284">
<pin_list>
<pin id="285" dir="0" index="0" bw="53" slack="0"/>
<pin id="286" dir="0" index="1" bw="1" slack="0"/>
<pin id="287" dir="0" index="2" bw="52" slack="1"/>
<pin id="288" dir="1" index="3" bw="53" slack="0"/>
</pin_list>
<bind>
<opcode="bitconcatenate(1004) " fcode="bitconcatenate"/>
<opset="p_Result_s/29 "/>
</bind>
</comp>

<comp id="291" class="1004" name="tmp_i_i_fu_291">
<pin_list>
<pin id="292" dir="0" index="0" bw="53" slack="0"/>
<pin id="293" dir="1" index="1" bw="112" slack="0"/>
</pin_list>
<bind>
<opcode="zext(34) " fcode="zext"/>
<opset="tmp_i_i/29 "/>
</bind>
</comp>

<comp id="295" class="1004" name="tmp_i_i_i_cast_fu_295">
<pin_list>
<pin id="296" dir="0" index="0" bw="11" slack="1"/>
<pin id="297" dir="1" index="1" bw="12" slack="0"/>
</pin_list>
<bind>
<opcode="zext(34) " fcode="zext"/>
<opset="tmp_i_i_i_cast/29 "/>
</bind>
</comp>

<comp id="298" class="1004" name="sh_assign_fu_298">
<pin_list>
<pin id="299" dir="0" index="0" bw="11" slack="0"/>
<pin id="300" dir="0" index="1" bw="11" slack="0"/>
<pin id="301" dir="1" index="2" bw="12" slack="0"/>
</pin_list>
<bind>
<opcode="add(8) " fcode="add"/>
<opset="sh_assign/29 "/>
</bind>
</comp>

<comp id="304" class="1004" name="isNeg_fu_304">
<pin_list>
<pin id="305" dir="0" index="0" bw="1" slack="0"/>
<pin id="306" dir="0" index="1" bw="12" slack="0"/>
<pin id="307" dir="0" index="2" bw="5" slack="0"/>
<pin id="308" dir="1" index="3" bw="1" slack="0"/>
</pin_list>
<bind>
<opcode="bitselect(1000) " fcode="bitselect"/>
<opset="isNeg/29 "/>
</bind>
</comp>

<comp id="312" class="1004" name="tmp_i_i_20_fu_312">
<pin_list>
<pin id="313" dir="0" index="0" bw="11" slack="0"/>
<pin id="314" dir="0" index="1" bw="11" slack="1"/>
<pin id="315" dir="1" index="2" bw="11" slack="0"/>
</pin_list>
<bind>
<opcode="sub(10) " fcode="sub"/>
<opset="tmp_i_i_20/29 "/>
</bind>
</comp>

<comp id="317" class="1004" name="tmp_i_i_cast_fu_317">
<pin_list>
<pin id="318" dir="0" index="0" bw="11" slack="0"/>
<pin id="319" dir="1" index="1" bw="12" slack="0"/>
</pin_list>
<bind>
<opcode="sext(35) " fcode="sext"/>
<opset="tmp_i_i_cast/29 "/>
</bind>
</comp>

<comp id="321" class="1004" name="sh_assign_9_fu_321">
<pin_list>
<pin id="322" dir="0" index="0" bw="1" slack="0"/>
<pin id="323" dir="0" index="1" bw="12" slack="0"/>
<pin id="324" dir="0" index="2" bw="12" slack="0"/>
<pin id="325" dir="1" index="3" bw="12" slack="0"/>
</pin_list>
<bind>
<opcode="select(49) " fcode="select"/>
<opset="sh_assign_9/29 "/>
</bind>
</comp>

<comp id="329" class="1004" name="sh_assign_1_i_i_cast_fu_329">
<pin_list>
<pin id="330" dir="0" index="0" bw="12" slack="0"/>
<pin id="331" dir="1" index="1" bw="32" slack="0"/>
</pin_list>
<bind>
<opcode="sext(35) " fcode="sext"/>
<opset="sh_assign_1_i_i_cast/29 "/>
</bind>
</comp>

<comp id="333" class="1004" name="tmp_61_i_i_fu_333">
<pin_list>
<pin id="334" dir="0" index="0" bw="12" slack="0"/>
<pin id="335" dir="1" index="1" bw="112" slack="0"/>
</pin_list>
<bind>
<opcode="zext(34) " fcode="zext"/>
<opset="tmp_61_i_i/29 "/>
</bind>
</comp>

<comp id="337" class="1004" name="tmp_61_i_i_cast_fu_337">
<pin_list>
<pin id="338" dir="0" index="0" bw="12" slack="0"/>
<pin id="339" dir="1" index="1" bw="53" slack="0"/>
</pin_list>
<bind>
<opcode="zext(34) " fcode="zext"/>
<opset="tmp_61_i_i_cast/29 "/>
</bind>
</comp>

<comp id="341" class="1004" name="tmp_62_i_i_fu_341">
<pin_list>
<pin id="342" dir="0" index="0" bw="53" slack="0"/>
<pin id="343" dir="0" index="1" bw="32" slack="0"/>
<pin id="344" dir="1" index="2" bw="53" slack="0"/>
</pin_list>
<bind>
<opcode="lshr(21) " fcode="lshr"/>
<opset="tmp_62_i_i/29 "/>
</bind>
</comp>

<comp id="347" class="1004" name="tmp_63_i_i_fu_347">
<pin_list>
<pin id="348" dir="0" index="0" bw="53" slack="0"/>
<pin id="349" dir="0" index="1" bw="32" slack="0"/>
<pin id="350" dir="1" index="2" bw="112" slack="0"/>
</pin_list>
<bind>
<opcode="shl(20) " fcode="shl"/>
<opset="tmp_63_i_i/29 "/>
</bind>
</comp>

<comp id="353" class="1004" name="tmp_72_fu_353">
<pin_list>
<pin id="354" dir="0" index="0" bw="1" slack="0"/>
<pin id="355" dir="0" index="1" bw="53" slack="0"/>
<pin id="356" dir="0" index="2" bw="7" slack="0"/>
<pin id="357" dir="1" index="3" bw="1" slack="0"/>
</pin_list>
<bind>
<opcode="bitselect(1000) " fcode="bitselect"/>
<opset="tmp_72/29 "/>
</bind>
</comp>

<comp id="361" class="1004" name="tmp_47_fu_361">
<pin_list>
<pin id="362" dir="0" index="0" bw="1" slack="0"/>
<pin id="363" dir="1" index="1" bw="8" slack="0"/>
</pin_list>
<bind>
<opcode="zext(34) " fcode="zext"/>
<opset="tmp_47/29 "/>
</bind>
</comp>

<comp id="365" class="1004" name="tmp_48_fu_365">
<pin_list>
<pin id="366" dir="0" index="0" bw="8" slack="0"/>
<pin id="367" dir="0" index="1" bw="112" slack="0"/>
<pin id="368" dir="0" index="2" bw="7" slack="0"/>
<pin id="369" dir="0" index="3" bw="7" slack="0"/>
<pin id="370" dir="1" index="4" bw="8" slack="0"/>
</pin_list>
<bind>
<opcode="partselect(1002) " fcode="partselect"/>
<opset="tmp_48/29 "/>
</bind>
</comp>

<comp id="375" class="1004" name="result_V_fu_375">
<pin_list>
<pin id="376" dir="0" index="0" bw="1" slack="0"/>
<pin id="377" dir="0" index="1" bw="8" slack="0"/>
<pin id="378" dir="0" index="2" bw="8" slack="0"/>
<pin id="379" dir="1" index="3" bw="8" slack="1"/>
</pin_list>
<bind>
<opcode="select(49) " fcode="select"/>
<opset="result_V/29 "/>
</bind>
</comp>

<comp id="383" class="1004" name="tmp_33_fu_383">
<pin_list>
<pin id="384" dir="0" index="0" bw="32" slack="0"/>
<pin id="385" dir="0" index="1" bw="8" slack="1"/>
<pin id="386" dir="0" index="2" bw="8" slack="1"/>
<pin id="387" dir="0" index="3" bw="8" slack="1"/>
<pin id="388" dir="0" index="4" bw="8" slack="1"/>
<pin id="389" dir="1" index="5" bw="32" slack="0"/>
</pin_list>
<bind>
<opcode="bitconcatenate(1004) " fcode="bitconcatenate"/>
<opset="tmp_33/30 "/>
</bind>
</comp>

<comp id="392" class="1005" name="imWidth_read_reg_392">
<pin_list>
<pin id="393" dir="0" index="0" bw="32" slack="2"/>
<pin id="394" dir="1" index="1" bw="32" slack="2"/>
</pin_list>
<bind>
<opset="imWidth_read "/>
</bind>
</comp>

<comp id="397" class="1005" name="imHeight_read_reg_397">
<pin_list>
<pin id="398" dir="0" index="0" bw="32" slack="1"/>
<pin id="399" dir="1" index="1" bw="32" slack="1"/>
</pin_list>
<bind>
<opset="imHeight_read "/>
</bind>
</comp>

<comp id="402" class="1005" name="tmp_68_reg_402">
<pin_list>
<pin id="403" dir="0" index="0" bw="22" slack="1"/>
<pin id="404" dir="1" index="1" bw="22" slack="1"/>
</pin_list>
<bind>
<opset="tmp_68 "/>
</bind>
</comp>

<comp id="407" class="1005" name="next_mul_reg_407">
<pin_list>
<pin id="408" dir="0" index="0" bw="64" slack="0"/>
<pin id="409" dir="1" index="1" bw="64" slack="0"/>
</pin_list>
<bind>
<opset="next_mul "/>
</bind>
</comp>

<comp id="415" class="1005" name="row_4_reg_415">
<pin_list>
<pin id="416" dir="0" index="0" bw="11" slack="0"/>
<pin id="417" dir="1" index="1" bw="11" slack="0"/>
</pin_list>
<bind>
<opset="row_4 "/>
</bind>
</comp>

<comp id="423" class="1005" name="col_1_reg_423">
<pin_list>
<pin id="424" dir="0" index="0" bw="11" slack="0"/>
<pin id="425" dir="1" index="1" bw="11" slack="0"/>
</pin_list>
<bind>
<opset="col_1 "/>
</bind>
</comp>

<comp id="428" class="1005" name="tmp_56_cast_reg_428">
<pin_list>
<pin id="429" dir="0" index="0" bw="64" slack="27"/>
<pin id="430" dir="1" index="1" bw="64" slack="27"/>
</pin_list>
<bind>
<opset="tmp_56_cast "/>
</bind>
</comp>

<comp id="433" class="1005" name="imINPUT_addr_reg_433">
<pin_list>
<pin id="434" dir="0" index="0" bw="21" slack="1"/>
<pin id="435" dir="1" index="1" bw="21" slack="1"/>
</pin_list>
<bind>
<opset="imINPUT_addr "/>
</bind>
</comp>

<comp id="438" class="1005" name="tmp_69_reg_438">
<pin_list>
<pin id="439" dir="0" index="0" bw="8" slack="1"/>
<pin id="440" dir="1" index="1" bw="8" slack="1"/>
</pin_list>
<bind>
<opset="tmp_69 "/>
</bind>
</comp>

<comp id="443" class="1005" name="tmp_24_cast_reg_443">
<pin_list>
<pin id="444" dir="0" index="0" bw="8" slack="1"/>
<pin id="445" dir="1" index="1" bw="8" slack="1"/>
</pin_list>
<bind>
<opset="tmp_24_cast "/>
</bind>
</comp>

<comp id="448" class="1005" name="tmp_29_cast_reg_448">
<pin_list>
<pin id="449" dir="0" index="0" bw="8" slack="6"/>
<pin id="450" dir="1" index="1" bw="8" slack="6"/>
</pin_list>
<bind>
<opset="tmp_29_cast "/>
</bind>
</comp>

<comp id="453" class="1005" name="tmp_21_cast_reg_453">
<pin_list>
<pin id="454" dir="0" index="0" bw="32" slack="1"/>
<pin id="455" dir="1" index="1" bw="32" slack="1"/>
</pin_list>
<bind>
<opset="tmp_21_cast "/>
</bind>
</comp>

<comp id="458" class="1005" name="tmp_25_cast_reg_458">
<pin_list>
<pin id="459" dir="0" index="0" bw="32" slack="1"/>
<pin id="460" dir="1" index="1" bw="32" slack="1"/>
</pin_list>
<bind>
<opset="tmp_25_cast "/>
</bind>
</comp>

<comp id="463" class="1005" name="tmp_22_reg_463">
<pin_list>
<pin id="464" dir="0" index="0" bw="64" slack="1"/>
<pin id="465" dir="1" index="1" bw="64" slack="1"/>
</pin_list>
<bind>
<opset="tmp_22 "/>
</bind>
</comp>

<comp id="468" class="1005" name="tmp_26_reg_468">
<pin_list>
<pin id="469" dir="0" index="0" bw="64" slack="1"/>
<pin id="470" dir="1" index="1" bw="64" slack="1"/>
</pin_list>
<bind>
<opset="tmp_26 "/>
</bind>
</comp>

<comp id="473" class="1005" name="tmp_30_cast_reg_473">
<pin_list>
<pin id="474" dir="0" index="0" bw="32" slack="1"/>
<pin id="475" dir="1" index="1" bw="32" slack="1"/>
</pin_list>
<bind>
<opset="tmp_30_cast "/>
</bind>
</comp>

<comp id="478" class="1005" name="tmp_31_reg_478">
<pin_list>
<pin id="479" dir="0" index="0" bw="64" slack="1"/>
<pin id="480" dir="1" index="1" bw="64" slack="1"/>
</pin_list>
<bind>
<opset="tmp_31 "/>
</bind>
</comp>

<comp id="483" class="1005" name="tmp_27_reg_483">
<pin_list>
<pin id="484" dir="0" index="0" bw="64" slack="1"/>
<pin id="485" dir="1" index="1" bw="64" slack="1"/>
</pin_list>
<bind>
<opset="tmp_27 "/>
</bind>
</comp>

<comp id="488" class="1005" name="tmp_28_reg_488">
<pin_list>
<pin id="489" dir="0" index="0" bw="64" slack="1"/>
<pin id="490" dir="1" index="1" bw="64" slack="1"/>
</pin_list>
<bind>
<opset="tmp_28 "/>
</bind>
</comp>

<comp id="493" class="1005" name="loc_V_reg_493">
<pin_list>
<pin id="494" dir="0" index="0" bw="11" slack="1"/>
<pin id="495" dir="1" index="1" bw="11" slack="1"/>
</pin_list>
<bind>
<opset="loc_V "/>
</bind>
</comp>

<comp id="499" class="1005" name="loc_V_9_reg_499">
<pin_list>
<pin id="500" dir="0" index="0" bw="52" slack="1"/>
<pin id="501" dir="1" index="1" bw="52" slack="1"/>
</pin_list>
<bind>
<opset="loc_V_9 "/>
</bind>
</comp>

<comp id="504" class="1005" name="result_V_reg_504">
<pin_list>
<pin id="505" dir="0" index="0" bw="8" slack="1"/>
<pin id="506" dir="1" index="1" bw="8" slack="1"/>
</pin_list>
<bind>
<opset="result_V "/>
</bind>
</comp>

<comp id="512" class="1005" name="imOUTPUT_addr_reg_512">
<pin_list>
<pin id="513" dir="0" index="0" bw="21" slack="1"/>
<pin id="514" dir="1" index="1" bw="21" slack="1"/>
</pin_list>
<bind>
<opset="imOUTPUT_addr "/>
</bind>
</comp>

<comp id="517" class="1005" name="tmp_33_reg_517">
<pin_list>
<pin id="518" dir="0" index="0" bw="32" slack="1"/>
<pin id="519" dir="1" index="1" bw="32" slack="1"/>
</pin_list>
<bind>
<opset="tmp_33 "/>
</bind>
</comp>

</comp_list>

<net_list>
<net id="84"><net_src comp="8" pin="0"/><net_sink comp="80" pin=0"/></net>

<net id="85"><net_src comp="6" pin="0"/><net_sink comp="80" pin=1"/></net>

<net id="90"><net_src comp="8" pin="0"/><net_sink comp="86" pin=0"/></net>

<net id="91"><net_src comp="4" pin="0"/><net_sink comp="86" pin=1"/></net>

<net id="97"><net_src comp="0" pin="0"/><net_sink comp="92" pin=0"/></net>

<net id="98"><net_src comp="12" pin="0"/><net_sink comp="92" pin=1"/></net>

<net id="103"><net_src comp="92" pin="3"/><net_sink comp="99" pin=0"/></net>

<net id="109"><net_src comp="2" pin="0"/><net_sink comp="104" pin=0"/></net>

<net id="110"><net_src comp="12" pin="0"/><net_sink comp="104" pin=1"/></net>

<net id="115"><net_src comp="104" pin="3"/><net_sink comp="111" pin=0"/></net>

<net id="119"><net_src comp="10" pin="0"/><net_sink comp="116" pin=0"/></net>

<net id="126"><net_src comp="116" pin="1"/><net_sink comp="120" pin=0"/></net>

<net id="130"><net_src comp="12" pin="0"/><net_sink comp="127" pin=0"/></net>

<net id="137"><net_src comp="127" pin="1"/><net_sink comp="131" pin=0"/></net>

<net id="141"><net_src comp="10" pin="0"/><net_sink comp="138" pin=0"/></net>

<net id="148"><net_src comp="138" pin="1"/><net_sink comp="142" pin=0"/></net>

<net id="157"><net_src comp="46" pin="0"/><net_sink comp="153" pin=1"/></net>

<net id="162"><net_src comp="48" pin="0"/><net_sink comp="158" pin=1"/></net>

<net id="163"><net_src comp="50" pin="0"/><net_sink comp="153" pin=1"/></net>

<net id="173"><net_src comp="153" pin="2"/><net_sink comp="170" pin=0"/></net>

<net id="174"><net_src comp="170" pin="1"/><net_sink comp="149" pin=0"/></net>

<net id="175"><net_src comp="170" pin="1"/><net_sink comp="149" pin=1"/></net>

<net id="179"><net_src comp="131" pin="4"/><net_sink comp="176" pin=0"/></net>

<net id="184"><net_src comp="14" pin="0"/><net_sink comp="180" pin=0"/></net>

<net id="185"><net_src comp="131" pin="4"/><net_sink comp="180" pin=1"/></net>

<net id="189"><net_src comp="120" pin="4"/><net_sink comp="186" pin=0"/></net>

<net id="194"><net_src comp="186" pin="1"/><net_sink comp="190" pin=0"/></net>

<net id="199"><net_src comp="16" pin="0"/><net_sink comp="195" pin=0"/></net>

<net id="200"><net_src comp="120" pin="4"/><net_sink comp="195" pin=1"/></net>

<net id="204"><net_src comp="142" pin="4"/><net_sink comp="201" pin=0"/></net>

<net id="209"><net_src comp="201" pin="1"/><net_sink comp="205" pin=0"/></net>

<net id="214"><net_src comp="142" pin="4"/><net_sink comp="210" pin=0"/></net>

<net id="215"><net_src comp="16" pin="0"/><net_sink comp="210" pin=1"/></net>

<net id="219"><net_src comp="142" pin="4"/><net_sink comp="216" pin=0"/></net>

<net id="224"><net_src comp="216" pin="1"/><net_sink comp="220" pin=0"/></net>

<net id="228"><net_src comp="220" pin="2"/><net_sink comp="225" pin=0"/></net>

<net id="229"><net_src comp="225" pin="1"/><net_sink comp="92" pin=2"/></net>

<net id="233"><net_src comp="99" pin="2"/><net_sink comp="230" pin=0"/></net>

<net id="240"><net_src comp="36" pin="0"/><net_sink comp="234" pin=0"/></net>

<net id="241"><net_src comp="99" pin="2"/><net_sink comp="234" pin=1"/></net>

<net id="242"><net_src comp="38" pin="0"/><net_sink comp="234" pin=2"/></net>

<net id="243"><net_src comp="40" pin="0"/><net_sink comp="234" pin=3"/></net>

<net id="250"><net_src comp="36" pin="0"/><net_sink comp="244" pin=0"/></net>

<net id="251"><net_src comp="99" pin="2"/><net_sink comp="244" pin=1"/></net>

<net id="252"><net_src comp="42" pin="0"/><net_sink comp="244" pin=2"/></net>

<net id="253"><net_src comp="44" pin="0"/><net_sink comp="244" pin=3"/></net>

<net id="257"><net_src comp="254" pin="1"/><net_sink comp="164" pin=0"/></net>

<net id="261"><net_src comp="258" pin="1"/><net_sink comp="167" pin=0"/></net>

<net id="265"><net_src comp="262" pin="1"/><net_sink comp="164" pin=0"/></net>

<net id="269"><net_src comp="149" pin="2"/><net_sink comp="266" pin=0"/></net>

<net id="276"><net_src comp="52" pin="0"/><net_sink comp="270" pin=0"/></net>

<net id="277"><net_src comp="266" pin="1"/><net_sink comp="270" pin=1"/></net>

<net id="278"><net_src comp="54" pin="0"/><net_sink comp="270" pin=2"/></net>

<net id="279"><net_src comp="56" pin="0"/><net_sink comp="270" pin=3"/></net>

<net id="283"><net_src comp="266" pin="1"/><net_sink comp="280" pin=0"/></net>

<net id="289"><net_src comp="58" pin="0"/><net_sink comp="284" pin=0"/></net>

<net id="290"><net_src comp="60" pin="0"/><net_sink comp="284" pin=1"/></net>

<net id="294"><net_src comp="284" pin="3"/><net_sink comp="291" pin=0"/></net>

<net id="302"><net_src comp="62" pin="0"/><net_sink comp="298" pin=0"/></net>

<net id="303"><net_src comp="295" pin="1"/><net_sink comp="298" pin=1"/></net>

<net id="309"><net_src comp="64" pin="0"/><net_sink comp="304" pin=0"/></net>

<net id="310"><net_src comp="298" pin="2"/><net_sink comp="304" pin=1"/></net>

<net id="311"><net_src comp="66" pin="0"/><net_sink comp="304" pin=2"/></net>

<net id="316"><net_src comp="68" pin="0"/><net_sink comp="312" pin=0"/></net>

<net id="320"><net_src comp="312" pin="2"/><net_sink comp="317" pin=0"/></net>

<net id="326"><net_src comp="304" pin="3"/><net_sink comp="321" pin=0"/></net>

<net id="327"><net_src comp="317" pin="1"/><net_sink comp="321" pin=1"/></net>

<net id="328"><net_src comp="298" pin="2"/><net_sink comp="321" pin=2"/></net>

<net id="332"><net_src comp="321" pin="3"/><net_sink comp="329" pin=0"/></net>

<net id="336"><net_src comp="329" pin="1"/><net_sink comp="333" pin=0"/></net>

<net id="340"><net_src comp="329" pin="1"/><net_sink comp="337" pin=0"/></net>

<net id="345"><net_src comp="284" pin="3"/><net_sink comp="341" pin=0"/></net>

<net id="346"><net_src comp="337" pin="1"/><net_sink comp="341" pin=1"/></net>

<net id="351"><net_src comp="291" pin="1"/><net_sink comp="347" pin=0"/></net>

<net id="352"><net_src comp="333" pin="1"/><net_sink comp="347" pin=1"/></net>

<net id="358"><net_src comp="70" pin="0"/><net_sink comp="353" pin=0"/></net>

<net id="359"><net_src comp="341" pin="2"/><net_sink comp="353" pin=1"/></net>

<net id="360"><net_src comp="54" pin="0"/><net_sink comp="353" pin=2"/></net>

<net id="364"><net_src comp="353" pin="3"/><net_sink comp="361" pin=0"/></net>

<net id="371"><net_src comp="72" pin="0"/><net_sink comp="365" pin=0"/></net>

<net id="372"><net_src comp="347" pin="2"/><net_sink comp="365" pin=1"/></net>

<net id="373"><net_src comp="54" pin="0"/><net_sink comp="365" pin=2"/></net>

<net id="374"><net_src comp="74" pin="0"/><net_sink comp="365" pin=3"/></net>

<net id="380"><net_src comp="304" pin="3"/><net_sink comp="375" pin=0"/></net>

<net id="381"><net_src comp="361" pin="1"/><net_sink comp="375" pin=1"/></net>

<net id="382"><net_src comp="365" pin="4"/><net_sink comp="375" pin=2"/></net>

<net id="390"><net_src comp="76" pin="0"/><net_sink comp="383" pin=0"/></net>

<net id="391"><net_src comp="383" pin="5"/><net_sink comp="111" pin=1"/></net>

<net id="395"><net_src comp="80" pin="2"/><net_sink comp="392" pin=0"/></net>

<net id="396"><net_src comp="392" pin="1"/><net_sink comp="205" pin=1"/></net>

<net id="400"><net_src comp="86" pin="2"/><net_sink comp="397" pin=0"/></net>

<net id="401"><net_src comp="397" pin="1"/><net_sink comp="190" pin=1"/></net>

<net id="405"><net_src comp="176" pin="1"/><net_sink comp="402" pin=0"/></net>

<net id="406"><net_src comp="402" pin="1"/><net_sink comp="220" pin=1"/></net>

<net id="410"><net_src comp="180" pin="2"/><net_sink comp="407" pin=0"/></net>

<net id="411"><net_src comp="407" pin="1"/><net_sink comp="131" pin=2"/></net>

<net id="418"><net_src comp="195" pin="2"/><net_sink comp="415" pin=0"/></net>

<net id="419"><net_src comp="415" pin="1"/><net_sink comp="120" pin=2"/></net>

<net id="426"><net_src comp="210" pin="2"/><net_sink comp="423" pin=0"/></net>

<net id="427"><net_src comp="423" pin="1"/><net_sink comp="142" pin=2"/></net>

<net id="431"><net_src comp="225" pin="1"/><net_sink comp="428" pin=0"/></net>

<net id="432"><net_src comp="428" pin="1"/><net_sink comp="104" pin=2"/></net>

<net id="436"><net_src comp="92" pin="3"/><net_sink comp="433" pin=0"/></net>

<net id="437"><net_src comp="433" pin="1"/><net_sink comp="99" pin=0"/></net>

<net id="441"><net_src comp="230" pin="1"/><net_sink comp="438" pin=0"/></net>

<net id="442"><net_src comp="438" pin="1"/><net_sink comp="254" pin=0"/></net>

<net id="446"><net_src comp="234" pin="4"/><net_sink comp="443" pin=0"/></net>

<net id="447"><net_src comp="443" pin="1"/><net_sink comp="258" pin=0"/></net>

<net id="451"><net_src comp="244" pin="4"/><net_sink comp="448" pin=0"/></net>

<net id="452"><net_src comp="448" pin="1"/><net_sink comp="262" pin=0"/></net>

<net id="456"><net_src comp="254" pin="1"/><net_sink comp="453" pin=0"/></net>

<net id="457"><net_src comp="453" pin="1"/><net_sink comp="164" pin=0"/></net>

<net id="461"><net_src comp="258" pin="1"/><net_sink comp="458" pin=0"/></net>

<net id="462"><net_src comp="458" pin="1"/><net_sink comp="167" pin=0"/></net>

<net id="466"><net_src comp="164" pin="1"/><net_sink comp="463" pin=0"/></net>

<net id="467"><net_src comp="463" pin="1"/><net_sink comp="153" pin=0"/></net>

<net id="471"><net_src comp="167" pin="1"/><net_sink comp="468" pin=0"/></net>

<net id="472"><net_src comp="468" pin="1"/><net_sink comp="158" pin=0"/></net>

<net id="476"><net_src comp="262" pin="1"/><net_sink comp="473" pin=0"/></net>

<net id="477"><net_src comp="473" pin="1"/><net_sink comp="164" pin=0"/></net>

<net id="481"><net_src comp="164" pin="1"/><net_sink comp="478" pin=0"/></net>

<net id="482"><net_src comp="478" pin="1"/><net_sink comp="153" pin=0"/></net>

<net id="486"><net_src comp="158" pin="2"/><net_sink comp="483" pin=0"/></net>

<net id="487"><net_src comp="483" pin="1"/><net_sink comp="149" pin=1"/></net>

<net id="491"><net_src comp="149" pin="2"/><net_sink comp="488" pin=0"/></net>

<net id="492"><net_src comp="488" pin="1"/><net_sink comp="149" pin=0"/></net>

<net id="496"><net_src comp="270" pin="4"/><net_sink comp="493" pin=0"/></net>

<net id="497"><net_src comp="493" pin="1"/><net_sink comp="295" pin=0"/></net>

<net id="498"><net_src comp="493" pin="1"/><net_sink comp="312" pin=1"/></net>

<net id="502"><net_src comp="280" pin="1"/><net_sink comp="499" pin=0"/></net>

<net id="503"><net_src comp="499" pin="1"/><net_sink comp="284" pin=2"/></net>

<net id="507"><net_src comp="375" pin="3"/><net_sink comp="504" pin=0"/></net>

<net id="508"><net_src comp="504" pin="1"/><net_sink comp="383" pin=1"/></net>

<net id="509"><net_src comp="504" pin="1"/><net_sink comp="383" pin=2"/></net>

<net id="510"><net_src comp="504" pin="1"/><net_sink comp="383" pin=3"/></net>

<net id="511"><net_src comp="504" pin="1"/><net_sink comp="383" pin=4"/></net>

<net id="515"><net_src comp="104" pin="3"/><net_sink comp="512" pin=0"/></net>

<net id="516"><net_src comp="512" pin="1"/><net_sink comp="111" pin=0"/></net>

<net id="520"><net_src comp="383" pin="5"/><net_sink comp="517" pin=0"/></net>

<net id="521"><net_src comp="517" pin="1"/><net_sink comp="111" pin=1"/></net>

</net_list>

</model> 
---------------- Datapath Model END ------------------

* FSMD analyzer results:
  - Output states:
	Port: imINPUT | {}
	Port: imOUTPUT | {30 31 }
 - Input state : 
	Port: imGrayScale : imINPUT | {3 4 5 6 }
	Port: imGrayScale : imOUTPUT | {}
	Port: imGrayScale : imHeight | {1 }
	Port: imGrayScale : imWidth | {1 }
  - Chain level:
	State 1
	State 2
		tmp_68 : 1
		next_mul : 1
		tmp : 1
		tmp_s : 2
		row_4 : 1
		StgValue_42 : 3
	State 3
		tmp_17 : 1
		tmp_18 : 2
		col_1 : 1
		StgValue_52 : 3
		tmp_20_cast : 1
		tmp_46 : 2
		tmp_56_cast : 3
		imINPUT_addr : 4
		imINPUT_load : 5
	State 4
	State 5
	State 6
		tmp_69 : 1
		tmp_24_cast : 1
		tmp_29_cast : 1
	State 7
		tmp_22 : 1
		tmp_26 : 1
	State 8
	State 9
	State 10
	State 11
	State 12
		tmp_31 : 1
	State 13
	State 14
	State 15
	State 16
	State 17
	State 18
	State 19
	State 20
	State 21
	State 22
	State 23
	State 24
	State 25
	State 26
	State 27
	State 28
		p_Val2_s : 1
		loc_V : 2
		loc_V_9 : 2
	State 29
		tmp_i_i : 1
		sh_assign : 1
		isNeg : 2
		tmp_i_i_cast : 1
		sh_assign_9 : 3
		sh_assign_1_i_i_cast : 4
		tmp_61_i_i : 5
		tmp_61_i_i_cast : 5
		tmp_62_i_i : 6
		tmp_63_i_i : 6
		tmp_72 : 7
		tmp_47 : 8
		tmp_48 : 7
		result_V : 9
	State 30
		StgValue_137 : 1
	State 31
		empty : 1


============================================================
+ Verbose Summary: Datapath Resource usage 
============================================================

* Functional unit list:
|----------|-----------------------------|---------|---------|---------|
| Operation|       Functional Unit       |  DSP48E |    FF   |   LUT   |
|----------|-----------------------------|---------|---------|---------|
|  sitodp  |          grp_fu_164         |    0    |   412   |   645   |
|          |          grp_fu_167         |    0    |   412   |   645   |
|----------|-----------------------------|---------|---------|---------|
|   dmul   |          grp_fu_153         |    11   |   317   |   578   |
|          |          grp_fu_158         |    11   |   317   |   578   |
|----------|-----------------------------|---------|---------|---------|
|   dadd   |          grp_fu_149         |    3    |   445   |   1149  |
|----------|-----------------------------|---------|---------|---------|
|   lshr   |      tmp_62_i_i_fu_341      |    0    |    0    |   157   |
|----------|-----------------------------|---------|---------|---------|
|    shl   |      tmp_63_i_i_fu_347      |    0    |    0    |   157   |
|----------|-----------------------------|---------|---------|---------|
|          |       next_mul_fu_180       |    0    |    0    |    64   |
|          |         row_4_fu_195        |    0    |    0    |    11   |
|    add   |         col_1_fu_210        |    0    |    0    |    11   |
|          |        tmp_46_fu_220        |    0    |    0    |    22   |
|          |       sh_assign_fu_298      |    0    |    0    |    11   |
|----------|-----------------------------|---------|---------|---------|
|   icmp   |         tmp_s_fu_190        |    0    |    0    |    11   |
|          |        tmp_18_fu_205        |    0    |    0    |    11   |
|----------|-----------------------------|---------|---------|---------|
|  select  |      sh_assign_9_fu_321     |    0    |    0    |    12   |
|          |       result_V_fu_375       |    0    |    0    |    8    |
|----------|-----------------------------|---------|---------|---------|
|    sub   |      tmp_i_i_20_fu_312      |    0    |    0    |    11   |
|----------|-----------------------------|---------|---------|---------|
|   read   |   imWidth_read_read_fu_80   |    0    |    0    |    0    |
|          |   imHeight_read_read_fu_86  |    0    |    0    |    0    |
|----------|-----------------------------|---------|---------|---------|
|          |        tmp_68_fu_176        |    0    |    0    |    0    |
|   trunc  |        tmp_69_fu_230        |    0    |    0    |    0    |
|          |        loc_V_9_fu_280       |    0    |    0    |    0    |
|----------|-----------------------------|---------|---------|---------|
|          |          tmp_fu_186         |    0    |    0    |    0    |
|          |        tmp_17_fu_201        |    0    |    0    |    0    |
|   sext   |      tmp_20_cast_fu_216     |    0    |    0    |    0    |
|          |     tmp_i_i_cast_fu_317     |    0    |    0    |    0    |
|          | sh_assign_1_i_i_cast_fu_329 |    0    |    0    |    0    |
|----------|-----------------------------|---------|---------|---------|
|          |      tmp_56_cast_fu_225     |    0    |    0    |    0    |
|          |      tmp_21_cast_fu_254     |    0    |    0    |    0    |
|          |      tmp_25_cast_fu_258     |    0    |    0    |    0    |
|          |      tmp_30_cast_fu_262     |    0    |    0    |    0    |
|   zext   |        tmp_i_i_fu_291       |    0    |    0    |    0    |
|          |    tmp_i_i_i_cast_fu_295    |    0    |    0    |    0    |
|          |      tmp_61_i_i_fu_333      |    0    |    0    |    0    |
|          |    tmp_61_i_i_cast_fu_337   |    0    |    0    |    0    |
|          |        tmp_47_fu_361        |    0    |    0    |    0    |
|----------|-----------------------------|---------|---------|---------|
|          |      tmp_24_cast_fu_234     |    0    |    0    |    0    |
|partselect|      tmp_29_cast_fu_244     |    0    |    0    |    0    |
|          |         loc_V_fu_270        |    0    |    0    |    0    |
|          |        tmp_48_fu_365        |    0    |    0    |    0    |
|----------|-----------------------------|---------|---------|---------|
|bitconcatenate|      p_Result_s_fu_284      |    0    |    0    |    0    |
|          |        tmp_33_fu_383        |    0    |    0    |    0    |
|----------|-----------------------------|---------|---------|---------|
| bitselect|         isNeg_fu_304        |    0    |    0    |    0    |
|          |        tmp_72_fu_353        |    0    |    0    |    0    |
|----------|-----------------------------|---------|---------|---------|
|   Total  |                             |    25   |   1903  |   4081  |
|----------|-----------------------------|---------|---------|---------|

Memories:
N/A

* Register list:
+---------------------+--------+
|                     |   FF   |
+---------------------+--------+
|    col_1_reg_423    |   11   |
|     col_reg_138     |   11   |
|imHeight_read_reg_397|   32   |
| imINPUT_addr_reg_433|   21   |
|imOUTPUT_addr_reg_512|   21   |
| imWidth_read_reg_392|   32   |
|   loc_V_9_reg_499   |   52   |
|    loc_V_reg_493    |   11   |
|   next_mul_reg_407  |   64   |
|   phi_mul_reg_127   |   64   |
|       reg_170       |   64   |
|   result_V_reg_504  |    8   |
|    row_4_reg_415    |   11   |
|     row_reg_116     |   11   |
| tmp_21_cast_reg_453 |   32   |
|    tmp_22_reg_463   |   64   |
| tmp_24_cast_reg_443 |    8   |
| tmp_25_cast_reg_458 |   32   |
|    tmp_26_reg_468   |   64   |
|    tmp_27_reg_483   |   64   |
|    tmp_28_reg_488   |   64   |
| tmp_29_cast_reg_448 |    8   |
| tmp_30_cast_reg_473 |   32   |
|    tmp_31_reg_478   |   64   |
|    tmp_33_reg_517   |   32   |
| tmp_56_cast_reg_428 |   64   |
|    tmp_68_reg_402   |   22   |
|    tmp_69_reg_438   |    8   |
+---------------------+--------+
|        Total        |   971  |
+---------------------+--------+

* Multiplexer (MUX) list: 
|-------------------|------|------|------|--------||---------||---------|
|        Comp       |  Pin | Size |  BW  | S x BW ||  Delay  ||   LUT   |
|-------------------|------|------|------|--------||---------||---------|
|  grp_access_fu_99 |  p0  |   2  |  21  |   42   ||    21   |
| grp_access_fu_111 |  p0  |   2  |  21  |   42   ||    21   |
| grp_access_fu_111 |  p1  |   2  |  32  |   64   ||    32   |
|     grp_fu_149    |  p0  |   2  |  64  |   128  ||    64   |
|     grp_fu_149    |  p1  |   2  |  64  |   128  ||    64   |
|     grp_fu_153    |  p0  |   2  |  64  |   128  ||    64   |
|     grp_fu_153    |  p1  |   2  |  64  |   128  |
|     grp_fu_164    |  p0  |   4  |   8  |   32   ||    8    |
|     grp_fu_167    |  p0  |   2  |   8  |   16   ||    8    |
|-------------------|------|------|------|--------||---------||---------|
|       Total       |      |      |      |   708  ||  14.139 ||   282   |
|-------------------|------|------|------|--------||---------||---------|



* Summary:
+-----------+--------+--------+--------+--------+
|           | DSP48E |  Delay |   FF   |   LUT  |
+-----------+--------+--------+--------+--------+
|  Function |   25   |    -   |  1903  |  4081  |
|   Memory  |    -   |    -   |    -   |    -   |
|Multiplexer|    -   |   14   |    -   |   282  |
|  Register |    -   |    -   |   971  |    -   |
+-----------+--------+--------+--------+--------+
|   Total   |   25   |   14   |  2874  |  4363  |
+-----------+--------+--------+--------+--------+
