

================================================================
== Vivado HLS Report for 'imGreyNormalization'
================================================================
* Date:           Wed Jan 27 15:18:46 2021

* Version:        2016.4 (Build 1756540 on Mon Jan 23 19:31:01 MST 2017)
* Project:        Task_1
* Solution:       solution3
* Product family: zynq
* Target device:  xc7z020clg484-1


================================================================
== Performance Estimates
================================================================
+ Timing (ns): 
    * Summary: 
    +--------+-------+----------+------------+
    |  Clock | Target| Estimated| Uncertainty|
    +--------+-------+----------+------------+
    |ap_clk  |  10.00|      8.62|        1.25|
    +--------+-------+----------+------------+

+ Latency (clock cycles): 
    * Summary: 
    +-----+----------+-----+----------+---------+
    |     Latency    |    Interval    | Pipeline|
    | min |    max   | min |    max   |   Type  |
    +-----+----------+-----+----------+---------+
    |   10|  75794410|   10|  75794410|   none  |
    +-----+----------+-----+----------+---------+

    + Detail: 
        * Instance: 
        N/A

        * Loop: 
        +----------+-----+----------+-----------+-----------+-----------+----------+----------+
        |          |     Latency    | Iteration |  Initiation Interval  |   Trip   |          |
        | Loop Name| min |    max   |  Latency  |  achieved |   target  |   Count  | Pipelined|
        +----------+-----+----------+-----------+-----------+-----------+----------+----------+
        |- L22     |    0|   4694400|  3 ~ 3912 |          -|          -| 0 ~ 1200 |    no    |
        | + L33    |    0|      3909|         13|          -|          -|  0 ~ 300 |    no    |
        |- L44     |    0|  71100000| 2 ~ 59250 |          -|          -| 0 ~ 1200 |    no    |
        | + L55    |    0|     59247|        197|          -|          -|  0 ~ 300 |    no    |
        +----------+-----+----------+-----------+-----------+-----------+----------+----------+



================================================================
== Utilization Estimates
================================================================
* Summary: 
+-----------------+---------+-------+--------+-------+
|       Name      | BRAM_18K| DSP48E|   FF   |  LUT  |
+-----------------+---------+-------+--------+-------+
|DSP              |        -|      -|       -|      -|
|Expression       |        -|      -|       0|   3237|
|FIFO             |        -|      -|       -|      -|
|Instance         |        -|      3|    4068|   5452|
|Memory           |        -|      -|       -|      -|
|Multiplexer      |        -|      -|       -|    915|
|Register         |        -|      -|    1277|      -|
+-----------------+---------+-------+--------+-------+
|Total            |        0|      3|    5345|   9604|
+-----------------+---------+-------+--------+-------+
|Available        |      280|    220|  106400|  53200|
+-----------------+---------+-------+--------+-------+
|Utilization (%)  |        0|      1|       5|     18|
+-----------------+---------+-------+--------+-------+

+ Detail: 
    * Instance: 
    +----------------------------+----------------------+---------+-------+------+------+
    |          Instance          |        Module        | BRAM_18K| DSP48E|  FF  |  LUT |
    +----------------------------+----------------------+---------+-------+------+------+
    |imTemplateMatchinbkb_x_U10  |imTemplateMatchinbkb  |        0|      3|   445|  1149|
    |imTemplateMatchineOg_U11    |imTemplateMatchineOg  |        0|      0|  3211|  3658|
    |imTemplateMatchinfYi_U12    |imTemplateMatchinfYi  |        0|      0|   412|   645|
    +----------------------------+----------------------+---------+-------+------+------+
    |Total                       |                      |        0|      3|  4068|  5452|
    +----------------------------+----------------------+---------+-------+------+------+

    * DSP48: 
    N/A

    * Memory: 
    N/A

    * FIFO: 
    N/A

    * Expression: 
    +------------------------+----------+-------+---+-----+------------+------------+
    |      Variable Name     | Operation| DSP48E| FF| LUT | Bitwidth P0| Bitwidth P1|
    +------------------------+----------+-------+---+-----+------------+------------+
    |col_2_3_fu_639_p2       |     +    |      0|  0|   11|           3|          11|
    |col_3_3_fu_1513_p2      |     +    |      0|  0|   11|           3|          11|
    |next_mul2_fu_693_p2     |     +    |      0|  0|   64|          11|          64|
    |next_mul_fu_365_p2      |     +    |      0|  0|   64|          11|          64|
    |row_2_fu_380_p2         |     +    |      0|  0|   11|           1|          11|
    |row_3_fu_708_p2         |     +    |      0|  0|   11|           1|          11|
    |sh_assign_2_fu_1072_p2  |     +    |      0|  0|   12|          11|          12|
    |sh_assign_4_fu_1346_p2  |     +    |      0|  0|   12|          11|          12|
    |sh_assign_6_fu_1595_p2  |     +    |      0|  0|   12|          11|          12|
    |sh_assign_fu_813_p2     |     +    |      0|  0|   12|          11|          12|
    |tmp1_fu_944_p2          |     +    |      0|  0|   12|          25|          25|
    |tmp2_fu_1203_p2         |     +    |      0|  0|   12|          25|          25|
    |tmp3_fu_1477_p2         |     +    |      0|  0|   12|          25|          25|
    |tmp4_fu_1726_p2         |     +    |      0|  0|   12|          25|          25|
    |tmp8_1_fu_1197_p2       |     +    |      0|  0|   12|          25|          25|
    |tmp8_2_fu_1471_p2       |     +    |      0|  0|   12|          25|          25|
    |tmp8_3_fu_1720_p2       |     +    |      0|  0|   12|          25|          25|
    |tmp8_fu_938_p2          |     +    |      0|  0|   12|          25|          25|
    |tmp_16_fu_418_p2        |     +    |      0|  0|   22|          22|          22|
    |tmp_22_fu_491_p2        |     +    |      0|  0|   22|          22|          22|
    |tmp_25_fu_560_p2        |     +    |      0|  0|   22|          22|          22|
    |tmp_26_fu_960_p2        |     +    |      0|  0|   32|          32|          32|
    |tmp_28_fu_727_p2        |     +    |      0|  0|   22|          22|          22|
    |tmp_30_1_fu_1219_p2     |     +    |      0|  0|   32|          32|          32|
    |tmp_30_2_fu_1493_p2     |     +    |      0|  0|   32|          32|          32|
    |tmp_30_3_fu_1742_p2     |     +    |      0|  0|   32|          32|          32|
    |tmp_33_fu_629_p2        |     +    |      0|  0|   22|          22|          22|
    |tmp_34_fu_986_p2        |     +    |      0|  0|   22|          22|          22|
    |tmp_37_fu_1245_p2       |     +    |      0|  0|   22|          22|          22|
    |tmp_40_fu_1503_p2       |     +    |      0|  0|   22|          22|          22|
    |p_Val2_i_i1_fu_1158_p2  |     -    |      0|  0|    8|           1|           8|
    |p_Val2_i_i2_fu_1432_p2  |     -    |      0|  0|    8|           1|           8|
    |p_Val2_i_i3_fu_1681_p2  |     -    |      0|  0|    8|           1|           8|
    |p_Val2_i_i_fu_899_p2    |     -    |      0|  0|    8|           1|           8|
    |tmp_17_fu_745_p2        |     -    |      0|  0|   10|          10|          10|
    |tmp_18_fu_760_p2        |     -    |      0|  0|   18|          18|          18|
    |tmp_21_1_fu_1004_p2     |     -    |      0|  0|   10|          10|          10|
    |tmp_21_2_fu_1278_p2     |     -    |      0|  0|   10|          10|          10|
    |tmp_21_3_fu_1527_p2     |     -    |      0|  0|   10|          10|          10|
    |tmp_22_1_fu_1019_p2     |     -    |      0|  0|   18|          18|          18|
    |tmp_22_2_fu_1293_p2     |     -    |      0|  0|   18|          18|          18|
    |tmp_22_3_fu_1542_p2     |     -    |      0|  0|   18|          18|          18|
    |tmp_5_fu_394_p2         |     -    |      0|  0|    9|           9|           9|
    |tmp_i_i1_12_fu_1086_p2  |     -    |      0|  0|   11|          10|          11|
    |tmp_i_i2_13_fu_1360_p2  |     -    |      0|  0|   11|          10|          11|
    |tmp_i_i3_14_fu_1609_p2  |     -    |      0|  0|   11|          10|          11|
    |tmp_i_i_11_fu_827_p2    |     -    |      0|  0|   11|          10|          11|
    |tmp_10_fu_440_p2        |   icmp   |      0|  0|    3|           9|           9|
    |tmp_11_fu_458_p2        |   icmp   |      0|  0|    3|           9|           9|
    |tmp_13_1_fu_512_p2      |   icmp   |      0|  0|    3|           9|           9|
    |tmp_13_2_fu_581_p2      |   icmp   |      0|  0|    3|           9|           9|
    |tmp_13_3_fu_656_p2      |   icmp   |      0|  0|    3|           9|           9|
    |tmp_15_fu_718_p2        |   icmp   |      0|  0|   11|          32|          32|
    |tmp_16_1_fu_528_p2      |   icmp   |      0|  0|    3|           9|           9|
    |tmp_16_2_fu_597_p2      |   icmp   |      0|  0|    3|           9|           9|
    |tmp_16_3_fu_672_p2      |   icmp   |      0|  0|    3|           9|           9|
    |tmp_18_1_fu_977_p2      |   icmp   |      0|  0|   11|          32|          32|
    |tmp_18_2_fu_1236_p2     |   icmp   |      0|  0|   11|          32|          32|
    |tmp_18_3_fu_1265_p2     |   icmp   |      0|  0|   11|          32|          32|
    |tmp_1_fu_375_p2         |   icmp   |      0|  0|   11|          32|          32|
    |tmp_8_1_fu_482_p2       |   icmp   |      0|  0|   11|          32|          32|
    |tmp_8_2_fu_551_p2       |   icmp   |      0|  0|   11|          32|          32|
    |tmp_8_3_fu_620_p2       |   icmp   |      0|  0|   11|          32|          32|
    |tmp_8_fu_409_p2         |   icmp   |      0|  0|   11|          32|          32|
    |tmp_s_fu_703_p2         |   icmp   |      0|  0|   11|          32|          32|
    |tmp_68_i_i1_fu_1116_p2  |   lshr   |      0|  0|  157|          53|          53|
    |tmp_68_i_i2_fu_1390_p2  |   lshr   |      0|  0|  157|          53|          53|
    |tmp_68_i_i3_fu_1639_p2  |   lshr   |      0|  0|  157|          53|          53|
    |tmp_68_i_i_fu_857_p2    |   lshr   |      0|  0|  157|          53|          53|
    |col_2_1_fu_541_p2       |    or    |      0|  0|   13|          11|           2|
    |col_2_2_fu_610_p2       |    or    |      0|  0|   13|          11|           2|
    |col_2_s_fu_472_p2       |    or    |      0|  0|   13|          11|           1|
    |col_3_1_fu_1226_p2      |    or    |      0|  0|   13|          11|           2|
    |col_3_2_fu_1255_p2      |    or    |      0|  0|   13|          11|           2|
    |col_3_s_fu_967_p2       |    or    |      0|  0|   13|          11|           1|
    |max_2_1_fu_518_p3       |  select  |      0|  0|    8|           1|           8|
    |max_2_2_fu_587_p3       |  select  |      0|  0|    8|           1|           8|
    |max_2_3_fu_662_p3       |  select  |      0|  0|    8|           1|           8|
    |max_2_fu_446_p3         |  select  |      0|  0|    8|           1|           8|
    |min_2_1_fu_534_p3       |  select  |      0|  0|    8|           1|           8|
    |min_2_2_fu_603_p3       |  select  |      0|  0|    8|           1|           8|
    |min_2_3_fu_678_p3       |  select  |      0|  0|    8|           1|           8|
    |min_2_fu_464_p3         |  select  |      0|  0|    8|           1|           8|
    |p_Val2_11_fu_1163_p3    |  select  |      0|  0|    8|           1|           8|
    |p_Val2_15_fu_1424_p3    |  select  |      0|  0|    8|           1|           8|
    |p_Val2_17_fu_1437_p3    |  select  |      0|  0|    8|           1|           8|
    |p_Val2_21_fu_1673_p3    |  select  |      0|  0|    8|           1|           8|
    |p_Val2_23_fu_1686_p3    |  select  |      0|  0|    8|           1|           8|
    |p_Val2_3_fu_891_p3      |  select  |      0|  0|    8|           1|           8|
    |p_Val2_5_fu_904_p3      |  select  |      0|  0|    8|           1|           8|
    |p_Val2_9_fu_1150_p3     |  select  |      0|  0|    8|           1|           8|
    |sh_assign_1_fu_837_p3   |  select  |      0|  0|   12|           1|          12|
    |sh_assign_3_fu_1096_p3  |  select  |      0|  0|   12|           1|          12|
    |sh_assign_5_fu_1370_p3  |  select  |      0|  0|   12|           1|          12|
    |sh_assign_7_fu_1619_p3  |  select  |      0|  0|   12|           1|          12|
    |tmp_69_i_i1_fu_1122_p2  |    shl   |      0|  0|  350|         112|         112|
    |tmp_69_i_i2_fu_1396_p2  |    shl   |      0|  0|  350|         112|         112|
    |tmp_69_i_i3_fu_1645_p2  |    shl   |      0|  0|  350|         112|         112|
    |tmp_69_i_i_fu_863_p2    |    shl   |      0|  0|  350|         112|         112|
    +------------------------+----------+-------+---+-----+------------+------------+
    |Total                   |          |      0|  0| 3237|        1881|        2159|
    +------------------------+----------+-------+---+-----+------------+------------+

    * Multiplexer: 
    +---------------------+-----+-----------+-----+-----------+
    |         Name        | LUT | Input Size| Bits| Total Bits|
    +---------------------+-----+-----------+-----+-----------+
    |ap_NS_fsm            |  568|        223|    1|        223|
    |col_1_reg_319        |   11|          2|   11|         22|
    |col_reg_231          |   11|          2|   11|         22|
    |grp_fu_340_p0        |   32|          6|   32|        192|
    |imINPUT_address0     |   63|         14|   21|        294|
    |imINPUT_d0           |   32|          5|   32|        160|
    |max_1_lcssa_reg_281  |    8|          4|    8|         32|
    |max_1_reg_243        |    8|          2|    8|         16|
    |max_reg_200          |    8|          2|    8|         16|
    |min1_reg_210         |    8|          2|    8|         16|
    |min_1_lcssa_reg_265  |    8|          4|    8|         32|
    |min_1_reg_254        |    8|          2|    8|         16|
    |phi_mul1_reg_308     |   64|          2|   64|        128|
    |phi_mul_reg_220      |   64|          2|   64|        128|
    |row_1_reg_297        |   11|          2|   11|         22|
    |row_reg_189          |   11|          2|   11|         22|
    +---------------------+-----+-----------+-----+-----------+
    |Total                |  915|        276|  306|       1341|
    +---------------------+-----+-----------+-----+-----------+

    * Register: 
    +--------------------------+-----+----+-----+-----------+
    |           Name           |  FF | LUT| Bits| Const Bits|
    +--------------------------+-----+----+-----+-----------+
    |ap_CS_fsm                 |  222|   0|  222|          0|
    |col_1_reg_319             |   11|   0|   11|          0|
    |col_2_3_reg_1878          |   11|   0|   11|          0|
    |col_3_2_reg_2028          |    9|   0|   11|          2|
    |col_3_3_reg_2079          |   11|   0|   11|          0|
    |col_reg_231               |   11|   0|   11|          0|
    |imOUTPUT_addr_2_reg_1931  |   21|   0|   21|          0|
    |imOUTPUT_addr_4_reg_1977  |   21|   0|   21|          0|
    |imOUTPUT_addr_5_reg_2023  |   21|   0|   21|          0|
    |imOUTPUT_addr_6_reg_2074  |   21|   0|   21|          0|
    |max_1_lcssa_reg_281       |    8|   0|    8|          0|
    |max_1_reg_243             |    8|   0|    8|          0|
    |max_2_1_reg_1834          |    8|   0|    8|          0|
    |max_2_2_reg_1856          |    8|   0|    8|          0|
    |max_2_reg_1812            |    8|   0|    8|          0|
    |max_reg_200               |    8|   0|    8|          0|
    |min1_reg_210              |    8|   0|    8|          0|
    |min_1_lcssa_reg_265       |    8|   0|    8|          0|
    |min_1_reg_254             |    8|   0|    8|          0|
    |min_2_1_reg_1841          |    8|   0|    8|          0|
    |min_2_2_reg_1863          |    8|   0|    8|          0|
    |min_2_reg_1819            |    8|   0|    8|          0|
    |next_mul2_reg_1914        |   64|   0|   64|          0|
    |next_mul_reg_1786         |   64|   0|   64|          0|
    |p_Result_2_reg_1993       |    1|   0|    1|          0|
    |p_Result_4_reg_2048       |    1|   0|    1|          0|
    |p_Result_6_reg_2095       |    1|   0|    1|          0|
    |p_Result_s_reg_1947       |    1|   0|    1|          0|
    |p_Val2_11_reg_2004        |    8|   0|    8|          0|
    |p_Val2_15_reg_2053        |    8|   0|    8|          0|
    |p_Val2_17_reg_2059        |    8|   0|    8|          0|
    |p_Val2_21_reg_2100        |    8|   0|    8|          0|
    |p_Val2_23_reg_2106        |    8|   0|    8|          0|
    |p_Val2_3_reg_1952         |    8|   0|    8|          0|
    |p_Val2_5_reg_1958         |    8|   0|    8|          0|
    |p_Val2_9_reg_1998         |    8|   0|    8|          0|
    |phi_mul1_reg_308          |   64|   0|   64|          0|
    |phi_mul_reg_220           |   64|   0|   64|          0|
    |reg_343                   |   64|   0|   64|          0|
    |reg_348                   |   64|   0|   64|          0|
    |reg_353                   |   64|   0|   64|          0|
    |row_1_reg_297             |   11|   0|   11|          0|
    |row_2_reg_1794            |   11|   0|   11|          0|
    |row_3_reg_1922            |   11|   0|   11|          0|
    |row_reg_189               |   11|   0|   11|          0|
    |tmp1_reg_1963             |   25|   0|   25|          0|
    |tmp2_reg_2009             |   25|   0|   25|          0|
    |tmp3_reg_2064             |   25|   0|   25|          0|
    |tmp4_reg_2111             |   25|   0|   25|          0|
    |tmp_13_reg_1906           |   22|   0|   22|          0|
    |tmp_15_reg_1927           |    1|   0|    1|          0|
    |tmp_17_reg_1936           |   10|   0|   10|          0|
    |tmp_18_1_reg_1973         |    1|   0|    1|          0|
    |tmp_18_2_reg_2019         |    1|   0|    1|          0|
    |tmp_18_3_reg_2033         |    1|   0|    1|          0|
    |tmp_21_1_reg_1982         |   10|   0|   10|          0|
    |tmp_21_2_reg_2037         |   10|   0|   10|          0|
    |tmp_21_3_reg_2084         |   10|   0|   10|          0|
    |tmp_3_cast1_reg_1893      |   10|   0|   10|          0|
    |tmp_4_reg_1778            |   22|   0|   22|          0|
    |tmp_6_reg_1901            |   64|   0|   64|          0|
    +--------------------------+-----+----+-----+-----------+
    |Total                     | 1277|   0| 1279|          2|
    +--------------------------+-----+----+-----+-----------+



================================================================
== Interface
================================================================
* Summary: 
+------------------+-----+-----+------------+---------------------+--------------+
|     RTL Ports    | Dir | Bits|  Protocol  |    Source Object    |    C Type    |
+------------------+-----+-----+------------+---------------------+--------------+
|ap_clk            |  in |    1| ap_ctrl_hs | imGreyNormalization | return value |
|ap_rst            |  in |    1| ap_ctrl_hs | imGreyNormalization | return value |
|ap_start          |  in |    1| ap_ctrl_hs | imGreyNormalization | return value |
|ap_done           | out |    1| ap_ctrl_hs | imGreyNormalization | return value |
|ap_idle           | out |    1| ap_ctrl_hs | imGreyNormalization | return value |
|ap_ready          | out |    1| ap_ctrl_hs | imGreyNormalization | return value |
|imINPUT_address0  | out |   21|  ap_memory |       imINPUT       |     array    |
|imINPUT_ce0       | out |    1|  ap_memory |       imINPUT       |     array    |
|imINPUT_we0       | out |    1|  ap_memory |       imINPUT       |     array    |
|imINPUT_d0        | out |   32|  ap_memory |       imINPUT       |     array    |
|imINPUT_q0        |  in |   32|  ap_memory |       imINPUT       |     array    |
|imHeight          |  in |   32|   ap_none  |       imHeight      |    scalar    |
|imWidth           |  in |   32|   ap_none  |       imWidth       |    scalar    |
+------------------+-----+-----+------------+---------------------+--------------+

