

================================================================
== Vivado HLS Report for 'imGrayScale26'
================================================================
* Date:           Wed Dec 16 13:59:17 2020

* Version:        2016.4 (Build 1756540 on Mon Jan 23 19:31:01 MST 2017)
* Project:        Task_1
* Solution:       solution2
* Product family: zynq
* Target device:  xc7z020clg484-1


================================================================
== Performance Estimates
================================================================
+ Timing (ns): 
    * Summary: 
    +--------+-------+----------+------------+
    |  Clock | Target| Estimated| Uncertainty|
    +--------+-------+----------+------------+
    |ap_clk  |  10.00|      8.23|        1.25|
    +--------+-------+----------+------------+

+ Latency (clock cycles): 
    * Summary: 
    +-----+----------+-----+----------+---------+
    |     Latency    |    Interval    | Pipeline|
    | min |    max   | min |    max   |   Type  |
    +-----+----------+-----+----------+---------+
    |    1|  37442401|    1|  37442401|   none  |
    +-----+----------+-----+----------+---------+

    + Detail: 
        * Instance: 
        N/A

        * Loop: 
        +----------+-----+----------+-----------+-----------+-----------+----------+----------+
        |          |     Latency    | Iteration |  Initiation Interval  |   Trip   |          |
        | Loop Name| min |    max   |  Latency  |  achieved |   target  |   Count  | Pipelined|
        +----------+-----+----------+-----------+-----------+-----------+----------+----------+
        |- L00     |    0|  37442400| 2 ~ 31202 |          -|          -| 0 ~ 1200 |    no    |
        | + L11    |    0|     31200|         26|          -|          -| 0 ~ 1200 |    no    |
        +----------+-----+----------+-----------+-----------+-----------+----------+----------+



================================================================
== Utilization Estimates
================================================================
* Summary: 
+-----------------+---------+-------+--------+-------+
|       Name      | BRAM_18K| DSP48E|   FF   |  LUT  |
+-----------------+---------+-------+--------+-------+
|DSP              |        -|      -|       -|      -|
|Expression       |        -|      -|       0|    698|
|FIFO             |        -|      -|       -|      -|
|Instance         |        -|     25|    1903|   3595|
|Memory           |        -|      -|       -|      -|
|Multiplexer      |        -|      -|       -|    417|
|Register         |        -|      -|     759|      -|
+-----------------+---------+-------+--------+-------+
|Total            |        0|     25|    2662|   4710|
+-----------------+---------+-------+--------+-------+
|Available        |      280|    220|  106400|  53200|
+-----------------+---------+-------+--------+-------+
|Utilization (%)  |        0|     11|       2|      8|
+-----------------+---------+-------+--------+-------+

+ Detail: 
    * Instance: 
    +-------------------------+----------------------+---------+-------+-----+------+
    |         Instance        |        Module        | BRAM_18K| DSP48E|  FF |  LUT |
    +-------------------------+----------------------+---------+-------+-----+------+
    |imTemplateMatchinbkb_U1  |imTemplateMatchinbkb  |        0|      3|  445|  1149|
    |imTemplateMatchincud_U2  |imTemplateMatchincud  |        0|     11|  317|   578|
    |imTemplateMatchincud_U3  |imTemplateMatchincud  |        0|     11|  317|   578|
    |imTemplateMatchindEe_U4  |imTemplateMatchindEe  |        0|      0|  412|   645|
    |imTemplateMatchindEe_U5  |imTemplateMatchindEe  |        0|      0|  412|   645|
    +-------------------------+----------------------+---------+-------+-----+------+
    |Total                    |                      |        0|     25| 1903|  3595|
    +-------------------------+----------------------+---------+-------+-----+------+

    * DSP48: 
    N/A

    * Memory: 
    N/A

    * FIFO: 
    N/A

    * Expression: 
    +-----------------------+----------+-------+---+-----+------------+------------+
    |     Variable Name     | Operation| DSP48E| FF| LUT | Bitwidth P0| Bitwidth P1|
    +-----------------------+----------+-------+---+-----+------------+------------+
    |col_4_fu_222_p2        |     +    |      0|  0|   31|          31|           1|
    |next_mul_fu_192_p2     |     +    |      0|  0|   42|          11|          42|
    |row_4_fu_207_p2        |     +    |      0|  0|   31|           1|          31|
    |sh_assign_fu_305_p2    |     +    |      0|  0|   12|          11|          12|
    |tmp_s_fu_232_p2        |     +    |      0|  0|   22|          22|          22|
    |tmp_i_i_17_fu_319_p2   |     -    |      0|  0|   11|          10|          11|
    |tmp_18_fu_217_p2       |   icmp   |      0|  0|   11|          32|          32|
    |tmp_fu_202_p2          |   icmp   |      0|  0|   11|          32|          32|
    |tmp_56_i_i_fu_348_p2   |   lshr   |      0|  0|  157|          53|          53|
    |result_V_fu_382_p3     |  select  |      0|  0|    8|           1|           8|
    |sh_assign_2_fu_328_p3  |  select  |      0|  0|   12|           1|          12|
    |tmp_57_i_i_fu_354_p2   |    shl   |      0|  0|  350|         112|         112|
    +-----------------------+----------+-------+---+-----+------------+------------+
    |Total                  |          |      0|  0|  698|         317|         368|
    +-----------------------+----------+-------+---+-----+------------+------------+

    * Multiplexer: 
    +-----------------+----+-----------+-----+-----------+
    |       Name      | LUT| Input Size| Bits| Total Bits|
    +-----------------+----+-----------+-----+-----------+
    |ap_NS_fsm        |  24|         29|    1|         29|
    |col_reg_150      |  31|          2|   31|         62|
    |grp_fu_161_p0    |  64|          3|   64|        192|
    |grp_fu_161_p1    |  64|          3|   64|        192|
    |grp_fu_165_p0    |  64|          3|   64|        192|
    |grp_fu_165_p1    |  64|          3|   64|        192|
    |grp_fu_176_p0    |  32|          3|   32|         96|
    |imINPUT_blk_n    |   1|          2|    1|          2|
    |phi_mul_reg_139  |  42|          2|   42|         84|
    |row_reg_128      |  31|          2|   31|         62|
    +-----------------+----+-----------+-----+-----------+
    |Total            | 417|         52|  394|       1103|
    +-----------------+----+-----------+-----+-----------+

    * Register: 
    +---------------------+----+----+-----+-----------+
    |         Name        | FF | LUT| Bits| Const Bits|
    +---------------------+----+----+-----+-----------+
    |ap_CS_fsm            |  28|   0|   28|          0|
    |col_4_reg_434        |  31|   0|   31|          0|
    |col_reg_150          |  31|   0|   31|          0|
    |loc_V_2_reg_505      |  52|   0|   52|          0|
    |loc_V_reg_499        |  11|   0|   11|          0|
    |next_mul_reg_418     |  42|   0|   42|          0|
    |phi_mul_reg_139      |  42|   0|   42|          0|
    |reg_182              |  64|   0|   64|          0|
    |result_V_reg_510     |   8|   0|    8|          0|
    |row_4_reg_426        |  31|   0|   31|          0|
    |row_reg_128          |  31|   0|   31|          0|
    |tmp_21_reg_469       |  64|   0|   64|          0|
    |tmp_23_cast_reg_449  |   8|   0|    8|          0|
    |tmp_24_reg_474       |  64|   0|   64|          0|
    |tmp_25_reg_489       |  64|   0|   64|          0|
    |tmp_26_reg_494       |  64|   0|   64|          0|
    |tmp_27_reg_484       |  64|   0|   64|          0|
    |tmp_28_cast_reg_454  |   8|   0|    8|          0|
    |tmp_31_reg_413       |  22|   0|   22|          0|
    |tmp_34_reg_444       |   8|   0|    8|          0|
    |tmp_s_reg_439        |  22|   0|   22|          0|
    +---------------------+----+----+-----+-----------+
    |Total                | 759|   0|  759|          0|
    +---------------------+----+----+-----+-----------+



================================================================
== Interface
================================================================
* Summary: 
+-------------------+-----+-----+------------+---------------+--------------+
|     RTL Ports     | Dir | Bits|  Protocol  | Source Object |    C Type    |
+-------------------+-----+-----+------------+---------------+--------------+
|ap_clk             |  in |    1| ap_ctrl_hs | imGrayScale26 | return value |
|ap_rst             |  in |    1| ap_ctrl_hs | imGrayScale26 | return value |
|ap_start           |  in |    1| ap_ctrl_hs | imGrayScale26 | return value |
|ap_done            | out |    1| ap_ctrl_hs | imGrayScale26 | return value |
|ap_idle            | out |    1| ap_ctrl_hs | imGrayScale26 | return value |
|ap_ready           | out |    1| ap_ctrl_hs | imGrayScale26 | return value |
|imINPUT_dout       |  in |   32|   ap_fifo  |    imINPUT    |    pointer   |
|imINPUT_empty_n    |  in |    1|   ap_fifo  |    imINPUT    |    pointer   |
|imINPUT_read       | out |    1|   ap_fifo  |    imINPUT    |    pointer   |
|imOUTPUT_address0  | out |   21|  ap_memory |    imOUTPUT   |     array    |
|imOUTPUT_ce0       | out |    1|  ap_memory |    imOUTPUT   |     array    |
|imOUTPUT_we0       | out |    1|  ap_memory |    imOUTPUT   |     array    |
|imOUTPUT_d0        | out |   32|  ap_memory |    imOUTPUT   |     array    |
|imHeight           |  in |   32|   ap_none  |    imHeight   |    scalar    |
|imWidth            |  in |   32|   ap_none  |    imWidth    |    scalar    |
+-------------------+-----+-----+------------+---------------+--------------+

