

================================================================
== Vivado HLS Report for 'imGrayScale'
================================================================
* Date:           Wed Dec 16 13:59:17 2020

* Version:        2016.4 (Build 1756540 on Mon Jan 23 19:31:01 MST 2017)
* Project:        Task_1
* Solution:       solution2
* Product family: zynq
* Target device:  xc7z020clg484-1


================================================================
== Performance Estimates
================================================================
+ Timing (ns): 
    * Summary: 
    +--------+-------+----------+------------+
    |  Clock | Target| Estimated| Uncertainty|
    +--------+-------+----------+------------+
    |ap_clk  |  10.00|      8.23|        1.25|
    +--------+-------+----------+------------+

+ Latency (clock cycles): 
    * Summary: 
    +-----+----------+-----+----------+---------+
    |     Latency    |    Interval    | Pipeline|
    | min |    max   | min |    max   |   Type  |
    +-----+----------+-----+----------+---------+
    |    1|  41762401|    1|  41762401|   none  |
    +-----+----------+-----+----------+---------+

    + Detail: 
        * Instance: 
        N/A

        * Loop: 
        +----------+-----+----------+-----------+-----------+-----------+----------+----------+
        |          |     Latency    | Iteration |  Initiation Interval  |   Trip   |          |
        | Loop Name| min |    max   |  Latency  |  achieved |   target  |   Count  | Pipelined|
        +----------+-----+----------+-----------+-----------+-----------+----------+----------+
        |- L00     |    0|  41762400| 2 ~ 34802 |          -|          -| 0 ~ 1200 |    no    |
        | + L11    |    0|     34800|         29|          -|          -| 0 ~ 1200 |    no    |
        +----------+-----+----------+-----------+-----------+-----------+----------+----------+



================================================================
== Utilization Estimates
================================================================
* Summary: 
+-----------------+---------+-------+--------+-------+
|       Name      | BRAM_18K| DSP48E|   FF   |  LUT  |
+-----------------+---------+-------+--------+-------+
|DSP              |        -|      -|       -|      -|
|Expression       |        -|      -|       0|    698|
|FIFO             |        -|      -|       -|      -|
|Instance         |        -|     25|    1903|   3595|
|Memory           |        -|      -|       -|      -|
|Multiplexer      |        -|      -|       -|    422|
|Register         |        -|      -|     762|      -|
+-----------------+---------+-------+--------+-------+
|Total            |        0|     25|    2665|   4715|
+-----------------+---------+-------+--------+-------+
|Available        |      280|    220|  106400|  53200|
+-----------------+---------+-------+--------+-------+
|Utilization (%)  |        0|     11|       2|      8|
+-----------------+---------+-------+--------+-------+

+ Detail: 
    * Instance: 
    +----------------------------+----------------------+---------+-------+-----+------+
    |          Instance          |        Module        | BRAM_18K| DSP48E|  FF |  LUT |
    +----------------------------+----------------------+---------+-------+-----+------+
    |imTemplateMatchinbkb_x_U10  |imTemplateMatchinbkb  |        0|      3|  445|  1149|
    |imTemplateMatchincud_x_U11  |imTemplateMatchincud  |        0|     11|  317|   578|
    |imTemplateMatchincud_x_U12  |imTemplateMatchincud  |        0|     11|  317|   578|
    |imTemplateMatchindEe_x_U13  |imTemplateMatchindEe  |        0|      0|  412|   645|
    |imTemplateMatchindEe_x_U14  |imTemplateMatchindEe  |        0|      0|  412|   645|
    +----------------------------+----------------------+---------+-------+-----+------+
    |Total                       |                      |        0|     25| 1903|  3595|
    +----------------------------+----------------------+---------+-------+-----+------+

    * DSP48: 
    N/A

    * Memory: 
    N/A

    * FIFO: 
    N/A

    * Expression: 
    +-----------------------+----------+-------+---+-----+------------+------------+
    |     Variable Name     | Operation| DSP48E| FF| LUT | Bitwidth P0| Bitwidth P1|
    +-----------------------+----------+-------+---+-----+------------+------------+
    |col_4_fu_218_p2        |     +    |      0|  0|   31|          31|           1|
    |next_mul_fu_188_p2     |     +    |      0|  0|   42|          11|          42|
    |row_4_fu_203_p2        |     +    |      0|  0|   31|           1|          31|
    |sh_assign_fu_306_p2    |     +    |      0|  0|   12|          11|          12|
    |tmp_33_fu_228_p2       |     +    |      0|  0|   22|          22|          22|
    |tmp_i_i_20_fu_320_p2   |     -    |      0|  0|   11|          10|          11|
    |tmp_18_fu_213_p2       |   icmp   |      0|  0|   11|          32|          32|
    |tmp_fu_198_p2          |   icmp   |      0|  0|   11|          32|          32|
    |tmp_56_i_i_fu_349_p2   |   lshr   |      0|  0|  157|          53|          53|
    |result_V_fu_383_p3     |  select  |      0|  0|    8|           1|           8|
    |sh_assign_3_fu_329_p3  |  select  |      0|  0|   12|           1|          12|
    |tmp_57_i_i_fu_355_p2   |    shl   |      0|  0|  350|         112|         112|
    +-----------------------+----------+-------+---+-----+------------+------------+
    |Total                  |          |      0|  0|  698|         317|         368|
    +-----------------------+----------+-------+---+-----+------------+------------+

    * Multiplexer: 
    +-----------------+----+-----------+-----+-----------+
    |       Name      | LUT| Input Size| Bits| Total Bits|
    +-----------------+----+-----------+-----+-----------+
    |ap_NS_fsm        |  30|         32|    1|         32|
    |col_reg_146      |  31|          2|   31|         62|
    |grp_fu_157_p0    |  64|          3|   64|        192|
    |grp_fu_157_p1    |  64|          3|   64|        192|
    |grp_fu_161_p0    |  64|          3|   64|        192|
    |grp_fu_161_p1    |  64|          3|   64|        192|
    |grp_fu_172_p0    |  32|          3|   32|         96|
    |phi_mul_reg_135  |  42|          2|   42|         84|
    |row_reg_124      |  31|          2|   31|         62|
    +-----------------+----+-----------+-----+-----------+
    |Total            | 422|         53|  393|       1104|
    +-----------------+----+-----------+-----+-----------+

    * Register: 
    +---------------------+----+----+-----+-----------+
    |         Name        | FF | LUT| Bits| Const Bits|
    +---------------------+----+----+-----+-----------+
    |ap_CS_fsm            |  31|   0|   31|          0|
    |col_4_reg_431        |  31|   0|   31|          0|
    |col_reg_146          |  31|   0|   31|          0|
    |loc_V_3_reg_507      |  52|   0|   52|          0|
    |loc_V_reg_501        |  11|   0|   11|          0|
    |next_mul_reg_415     |  42|   0|   42|          0|
    |phi_mul_reg_135      |  42|   0|   42|          0|
    |reg_178              |  64|   0|   64|          0|
    |result_V_reg_512     |   8|   0|    8|          0|
    |row_4_reg_423        |  31|   0|   31|          0|
    |row_reg_124          |  31|   0|   31|          0|
    |tmp_21_reg_471       |  64|   0|   64|          0|
    |tmp_23_cast_reg_451  |   8|   0|    8|          0|
    |tmp_25_reg_476       |  64|   0|   64|          0|
    |tmp_26_reg_491       |  64|   0|   64|          0|
    |tmp_27_reg_496       |  64|   0|   64|          0|
    |tmp_28_cast_reg_456  |   8|   0|    8|          0|
    |tmp_30_reg_486       |  64|   0|   64|          0|
    |tmp_39_cast_reg_436  |  22|   0|   64|         42|
    |tmp_40_reg_410       |  22|   0|   22|          0|
    |tmp_44_reg_446       |   8|   0|    8|          0|
    +---------------------+----+----+-----+-----------+
    |Total                | 762|   0|  804|         42|
    +---------------------+----+----+-----+-----------+



================================================================
== Interface
================================================================
* Summary: 
+-------------------+-----+-----+------------+--------------+--------------+
|     RTL Ports     | Dir | Bits|  Protocol  | Source Object|    C Type    |
+-------------------+-----+-----+------------+--------------+--------------+
|ap_clk             |  in |    1| ap_ctrl_hs |  imGrayScale | return value |
|ap_rst             |  in |    1| ap_ctrl_hs |  imGrayScale | return value |
|ap_start           |  in |    1| ap_ctrl_hs |  imGrayScale | return value |
|ap_done            | out |    1| ap_ctrl_hs |  imGrayScale | return value |
|ap_idle            | out |    1| ap_ctrl_hs |  imGrayScale | return value |
|ap_ready           | out |    1| ap_ctrl_hs |  imGrayScale | return value |
|imINPUT_address0   | out |   21|  ap_memory |    imINPUT   |     array    |
|imINPUT_ce0        | out |    1|  ap_memory |    imINPUT   |     array    |
|imINPUT_q0         |  in |   32|  ap_memory |    imINPUT   |     array    |
|imOUTPUT_address0  | out |   21|  ap_memory |   imOUTPUT   |     array    |
|imOUTPUT_ce0       | out |    1|  ap_memory |   imOUTPUT   |     array    |
|imOUTPUT_we0       | out |    1|  ap_memory |   imOUTPUT   |     array    |
|imOUTPUT_d0        | out |   32|  ap_memory |   imOUTPUT   |     array    |
|imHeight           |  in |   32|   ap_none  |   imHeight   |    scalar    |
|imWidth            |  in |   32|   ap_none  |    imWidth   |    scalar    |
+-------------------+-----+-----+------------+--------------+--------------+

